Archive member included to satisfy reference by file (symbol)

C:/ST/STM32CubeIDE_2.1.1/STM32CubeIDE/plugins/com.st.stm32cube.ide.mcu.externaltools.gnu-tools-for-stm32.14.3.rel1.win32_1.0.100.202602081740/tools/bin/../lib/gcc/arm-none-eabi/14.3.1/thumb/v7e-m+fp/hard\libgcc.a(_aeabi_uldivmod.o)
                              Debug/stm32f4xx_hal_rcc.o (__aeabi_uldivmod)
C:/ST/STM32CubeIDE_2.1.1/STM32CubeIDE/plugins/com.st.stm32cube.ide.mcu.externaltools.gnu-tools-for-stm32.14.3.rel1.win32_1.0.100.202602081740/tools/bin/../lib/gcc/arm-none-eabi/14.3.1/thumb/v7e-m+fp/hard\libgcc.a(_udivmoddi4.o)
                              C:/ST/STM32CubeIDE_2.1.1/STM32CubeIDE/plugins/com.st.stm32cube.ide.mcu.externaltools.gnu-tools-for-stm32.14.3.rel1.win32_1.0.100.202602081740/tools/bin/../lib/gcc/arm-none-eabi/14.3.1/thumb/v7e-m+fp/hard\libgcc.a(_aeabi_uldivmod.o) (__udivmoddi4)
C:/ST/STM32CubeIDE_2.1.1/STM32CubeIDE/plugins/com.st.stm32cube.ide.mcu.externaltools.gnu-tools-for-stm32.14.3.rel1.win32_1.0.100.202602081740/tools/bin/../lib/gcc/arm-none-eabi/14.3.1/thumb/v7e-m+fp/hard\libgcc.a(_dvmd_tls.o)
                              C:/ST/STM32CubeIDE_2.1.1/STM32CubeIDE/plugins/com.st.stm32cube.ide.mcu.externaltools.gnu-tools-for-stm32.14.3.rel1.win32_1.0.100.202602081740/tools/bin/../lib/gcc/arm-none-eabi/14.3.1/thumb/v7e-m+fp/hard\libgcc.a(_aeabi_uldivmod.o) (__aeabi_ldiv0)
C:/ST/STM32CubeIDE_2.1.1/STM32CubeIDE/plugins/com.st.stm32cube.ide.mcu.externaltools.gnu-tools-for-stm32.14.3.rel1.win32_1.0.100.202602081740/tools/bin/../lib/gcc/arm-none-eabi/14.3.1/../../../../arm-none-eabi/lib/thumb/v7e-m+fp/hard\libc_nano.a(libc_a-exit.o)
                              C:/ST/STM32CubeIDE_2.1.1/STM32CubeIDE/plugins/com.st.stm32cube.ide.mcu.externaltools.gnu-tools-for-stm32.14.3.rel1.win32_1.0.100.202602081740/tools/bin/../lib/gcc/arm-none-eabi/14.3.1/../../../../arm-none-eabi/lib/thumb/v7e-m+fp/hard/crt0.o (exit)
C:/ST/STM32CubeIDE_2.1.1/STM32CubeIDE/plugins/com.st.stm32cube.ide.mcu.externaltools.gnu-tools-for-stm32.14.3.rel1.win32_1.0.100.202602081740/tools/bin/../lib/gcc/arm-none-eabi/14.3.1/../../../../arm-none-eabi/lib/thumb/v7e-m+fp/hard\libc_nano.a(libc_a-findfp.o)
                              C:/ST/STM32CubeIDE_2.1.1/STM32CubeIDE/plugins/com.st.stm32cube.ide.mcu.externaltools.gnu-tools-for-stm32.14.3.rel1.win32_1.0.100.202602081740/tools/bin/../lib/gcc/arm-none-eabi/14.3.1/../../../../arm-none-eabi/lib/thumb/v7e-m+fp/hard\libc_nano.a(libc_a-exit.o) (__stdio_exit_handler)
C:/ST/STM32CubeIDE_2.1.1/STM32CubeIDE/plugins/com.st.stm32cube.ide.mcu.externaltools.gnu-tools-for-stm32.14.3.rel1.win32_1.0.100.202602081740/tools/bin/../lib/gcc/arm-none-eabi/14.3.1/../../../../arm-none-eabi/lib/thumb/v7e-m+fp/hard\libc_nano.a(libc_a-fwalk.o)
                              C:/ST/STM32CubeIDE_2.1.1/STM32CubeIDE/plugins/com.st.stm32cube.ide.mcu.externaltools.gnu-tools-for-stm32.14.3.rel1.win32_1.0.100.202602081740/tools/bin/../lib/gcc/arm-none-eabi/14.3.1/../../../../arm-none-eabi/lib/thumb/v7e-m+fp/hard\libc_nano.a(libc_a-findfp.o) (_fwalk_sglue)
C:/ST/STM32CubeIDE_2.1.1/STM32CubeIDE/plugins/com.st.stm32cube.ide.mcu.externaltools.gnu-tools-for-stm32.14.3.rel1.win32_1.0.100.202602081740/tools/bin/../lib/gcc/arm-none-eabi/14.3.1/../../../../arm-none-eabi/lib/thumb/v7e-m+fp/hard\libc_nano.a(libc_a-snprintf.o)
                              Debug/main.o (snprintf)
C:/ST/STM32CubeIDE_2.1.1/STM32CubeIDE/plugins/com.st.stm32cube.ide.mcu.externaltools.gnu-tools-for-stm32.14.3.rel1.win32_1.0.100.202602081740/tools/bin/../lib/gcc/arm-none-eabi/14.3.1/../../../../arm-none-eabi/lib/thumb/v7e-m+fp/hard\libc_nano.a(libc_a-stdio.o)
                              C:/ST/STM32CubeIDE_2.1.1/STM32CubeIDE/plugins/com.st.stm32cube.ide.mcu.externaltools.gnu-tools-for-stm32.14.3.rel1.win32_1.0.100.202602081740/tools/bin/../lib/gcc/arm-none-eabi/14.3.1/../../../../arm-none-eabi/lib/thumb/v7e-m+fp/hard\libc_nano.a(libc_a-findfp.o) (__sread)
C:/ST/STM32CubeIDE_2.1.1/STM32CubeIDE/plugins/com.st.stm32cube.ide.mcu.externaltools.gnu-tools-for-stm32.14.3.rel1.win32_1.0.100.202602081740/tools/bin/../lib/gcc/arm-none-eabi/14.3.1/../../../../arm-none-eabi/lib/thumb/v7e-m+fp/hard\libc_nano.a(libc_a-memset.o)
                              C:/ST/STM32CubeIDE_2.1.1/STM32CubeIDE/plugins/com.st.stm32cube.ide.mcu.externaltools.gnu-tools-for-stm32.14.3.rel1.win32_1.0.100.202602081740/tools/bin/../lib/gcc/arm-none-eabi/14.3.1/../../../../arm-none-eabi/lib/thumb/v7e-m+fp/hard/crt0.o (memset)
C:/ST/STM32CubeIDE_2.1.1/STM32CubeIDE/plugins/com.st.stm32cube.ide.mcu.externaltools.gnu-tools-for-stm32.14.3.rel1.win32_1.0.100.202602081740/tools/bin/../lib/gcc/arm-none-eabi/14.3.1/../../../../arm-none-eabi/lib/thumb/v7e-m+fp/hard\libc_nano.a(libc_a-strstr.o)
                              Debug/main.o (strstr)
[...]
Memory Configuration

Name             Origin             Length             Attributes
RAM              0x20000000         0x00018000         xrw
FLASH            0x08000000         0x00080000         xr
*default*        0x00000000         0xffffffff

Linker script and memory map

LOAD C:/ST/STM32CubeIDE_2.1.1/STM32CubeIDE/plugins/com.st.stm32cube.ide.mcu.externaltools.gnu-tools-for-stm32.14.3.rel1.win32_1.0.100.202602081740/tools/bin/../lib/gcc/arm-none-eabi/14.3.1/thumb/v7e-m+fp/hard/crti.o
LOAD C:/ST/STM32CubeIDE_2.1.1/STM32CubeIDE/plugins/com.st.stm32cube.ide.mcu.externaltools.gnu-tools-for-stm32.14.3.rel1.win32_1.0.100.202602081740/tools/bin/../lib/gcc/arm-none-eabi/14.3.1/thumb/v7e-m+fp/hard/crtbegin.o
LOAD C:/ST/STM32CubeIDE_2.1.1/STM32CubeIDE/plugins/com.st.stm32cube.ide.mcu.externaltools.gnu-tools-for-stm32.14.3.rel1.win32_1.0.100.202602081740/tools/bin/../lib/gcc/arm-none-eabi/14.3.1/../../../../arm-none-eabi/lib/thumb/v7e-m+fp/hard/crt0.o
LOAD Debug/main.o
LOAD Debug/syscalls.o
LOAD Debug/sysmem.o
LOAD Debug/stm32f4xx_hal.o
LOAD Debug/stm32f4xx_hal_cortex.o
LOAD Debug/stm32f4xx_hal_dma.o
LOAD Debug/stm32f4xx_hal_dma_ex.o
LOAD Debug/stm32f4xx_hal_flash.o
LOAD Debug/stm32f4xx_hal_flash_ex.o
LOAD Debug/stm32f4xx_hal_flash_ramfunc.o
LOAD Debug/stm32f4xx_hal_gpio.o
LOAD Debug/stm32f4xx_hal_pwr.o
LOAD Debug/stm32f4xx_hal_pwr_ex.o
LOAD Debug/stm32f4xx_hal_rcc.o
LOAD Debug/stm32f4xx_hal_rcc_ex.o
LOAD Debug/stm32f4xx_hal_uart.o
LOAD Debug/system_stm32f4xx.o
LOAD Debug/startup_stm32f401xe.o
START GROUP
LOAD C:/ST/STM32CubeIDE_2.1.1/STM32CubeIDE/plugins/com.st.stm32cube.ide.mcu.externaltools.gnu-tools-for-stm32.14.3.rel1.win32_1.0.100.202602081740/tools/bin/../lib/gcc/arm-none-eabi/14.3.1/thumb/v7e-m+fp/hard\libgcc.a
LOAD C:/ST/STM32CubeIDE_2.1.1/STM32CubeIDE/plugins/com.st.stm32cube.ide.mcu.externaltools.gnu-tools-for-stm32.14.3.rel1.win32_1.0.100.202602081740/tools/bin/../lib/gcc/arm-none-eabi/14.3.1/../../../../arm-none-eabi/lib/thumb/v7e-m+fp/hard\libc_nano.a
END GROUP
START GROUP
LOAD C:/ST/STM32CubeIDE_2.1.1/STM32CubeIDE/plugins/com.st.stm32cube.ide.mcu.externaltools.gnu-tools-for-stm32.14.3.rel1.win32_1.0.100.202602081740/tools/bin/../lib/gcc/arm-none-eabi/14.3.1/thumb/v7e-m+fp/hard\libgcc.a
LOAD C:/ST/STM32CubeIDE_2.1.1/STM32CubeIDE/plugins/com.st.stm32cube.ide.mcu.externaltools.gnu-tools-for-stm32.14.3.rel1.win32_1.0.100.202602081740/tools/bin/../lib/gcc/arm-none-eabi/14.3.1/../../../../arm-none-eabi/lib/thumb/v7e-m+fp/hard\libc_nano.a
END GROUP
LOAD C:/ST/STM32CubeIDE_2.1.1/STM32CubeIDE/plugins/com.st.stm32cube.ide.mcu.externaltools.gnu-tools-for-stm32.14.3.rel1.win32_1.0.100.202602081740/tools/bin/../lib/gcc/arm-none-eabi/14.3.1/thumb/v7e-m+fp/hard/crtend.o
LOAD C:/ST/STM32CubeIDE_2.1.1/STM32CubeIDE/plugins/com.st.stm32cube.ide.mcu.externaltools.gnu-tools-for-stm32.14.3.rel1.win32_1.0.100.202602081740/tools/bin/../lib/gcc/arm-none-eabi/14.3.1/thumb/v7e-m+fp/hard/crtn.o
                0x20018000                        _estack = (ORIGIN (RAM) + LENGTH (RAM))
                0x00000200                        _Min_Heap_Size = 0x200
                0x00000400                        _Min_Stack_Size = 0x400

.isr_vector     0x08000000      0x194
                0x08000000                        . = ALIGN (0x4)
 *(.isr_vector)
 .isr_vector    0x08000000      0x194 Debug/startup_stm32f401xe.o
                0x08000000                g_pfnVectors
                0x08000194                        . = ALIGN (0x4)

.text           0x080001a0     0x3110
                0x080001a0                        . = ALIGN (0x4)
 *(.text)
 .text          0x080001a0       0x40 C:/ST/STM32CubeIDE_2.1.1/STM32CubeIDE/plugins/com.st.stm32cube.ide.mcu.externaltools.gnu-tools-for-stm32.14.3.rel1.win32_1.0.100.202602081740/tools/bin/../lib/gcc/arm-none-eabi/14.3.1/thumb/v7e-m+fp/hard/crtbegin.o
 .text          0x080001e0       0x30 C:/ST/STM32CubeIDE_2.1.1/STM32CubeIDE/plugins/com.st.stm32cube.ide.mcu.externaltools.gnu-tools-for-stm32.14.3.rel1.win32_1.0.100.202602081740/tools/bin/../lib/gcc/arm-none-eabi/14.3.1/thumb/v7e-m+fp/hard\libgcc.a(_aeabi_uldivmod.o)
                0x080001e0                __aeabi_uldivmod
 .text          0x08000210      0x2f8 C:/ST/STM32CubeIDE_2.1.1/STM32CubeIDE/plugins/com.st.stm32cube.ide.mcu.externaltools.gnu-tools-for-stm32.14.3.rel1.win32_1.0.100.202602081740/tools/bin/../lib/gcc/arm-none-eabi/14.3.1/thumb/v7e-m+fp/hard\libgcc.a(_udivmoddi4.o)
                0x08000210                __udivmoddi4
 .text          0x08000508        0x4 C:/ST/STM32CubeIDE_2.1.1/STM32CubeIDE/plugins/com.st.stm32cube.ide.mcu.externaltools.gnu-tools-for-stm32.14.3.rel1.win32_1.0.100.202602081740/tools/bin/../lib/gcc/arm-none-eabi/14.3.1/thumb/v7e-m+fp/hard\libgcc.a(_dvmd_tls.o)
                0x08000508                __aeabi_idiv0
                0x08000508                __aeabi_ldiv0
 .text          0x0800050c       0x10 C:/ST/STM32CubeIDE_2.1.1/STM32CubeIDE/plugins/com.st.stm32cube.ide.mcu.externaltools.gnu-tools-for-stm32.14.3.rel1.win32_1.0.100.202602081740/tools/bin/../lib/gcc/arm-none-eabi/14.3.1/../../../../arm-none-eabi/lib/thumb/v7e-m+fp/hard\libc_nano.a(libc_a-strlen.o)
                0x0800050c                strlen
 *fill*         0x0800051c        0x4 
 .text          0x08000520       0xa0 C:/ST/STM32CubeIDE_2.1.1/STM32CubeIDE/plugins/com.st.stm32cube.ide.mcu.externaltools.gnu-tools-for-stm32.14.3.rel1.win32_1.0.100.202602081740/tools/bin/../lib/gcc/arm-none-eabi/14.3.1/../../../../arm-none-eabi/lib/thumb/v7e-m+fp/hard\libc_nano.a(libc_a-memchr.o)
                0x08000520                memchr
 *(.text*)
 .text.main     0x080005c0      0x6a8 Debug/main.o
                0x080005c0                main
 .text.SystemClock_Config
                0x08000c68       0xc4 Debug/main.o
                0x08000c68                SystemClock_Config
 .text.MX_GPIO_Init
                0x08000d2c       0x34 Debug/main.o
 .text.MX_USART1_UART_Init
                0x08000d60       0xc0 Debug/main.o
 .text.MX_USART2_UART_Init
                0x08000e20       0xc0 Debug/main.o
 .text.Generate_Dummy_Binary_Data
                0x08000ee0       0xec Debug/main.o
                0x08000ee0                Generate_Dummy_Binary_Data
 .text._sbrk    0x08000fcc       0x6c Debug/sysmem.o
                0x08000fcc                _sbrk
 .text.HAL_Init
                0x08001038       0x1a Debug/stm32f4xx_hal.o
                0x08001038                HAL_Init
 .text.HAL_MspInit
                0x08001052        0xe Debug/stm32f4xx_hal.o
                0x08001052                HAL_MspInit
 .text.HAL_InitTick
                0x08001060       0x60 Debug/stm32f4xx_hal.o
                0x08001060                HAL_InitTick
 .text.HAL_GetTick
                0x080010c0       0x18 Debug/stm32f4xx_hal.o
                0x080010c0                HAL_GetTick
 .text.HAL_Delay
                0x080010d8       0x48 Debug/stm32f4xx_hal.o
                0x080010d8                HAL_Delay
 .text.__NVIC_SetPriorityGrouping
                0x08001120       0x48 Debug/stm32f4xx_hal_cortex.o
 .text.__NVIC_GetPriorityGrouping
                0x08001168       0x1c Debug/stm32f4xx_hal_cortex.o
 .text.__NVIC_SetPriority
                0x08001184       0x54 Debug/stm32f4xx_hal_cortex.o
 .text.NVIC_EncodePriority
                0x080011d8       0x66 Debug/stm32f4xx_hal_cortex.o
 *fill*         0x0800123e        0x2 
 .text.SysTick_Config
                0x08001240       0x44 Debug/stm32f4xx_hal_cortex.o
 .text.HAL_NVIC_SetPriorityGrouping
                0x08001284       0x16 Debug/stm32f4xx_hal_cortex.o
                0x08001284                HAL_NVIC_SetPriorityGrouping
 .text.HAL_NVIC_SetPriority
                0x0800129a       0x38 Debug/stm32f4xx_hal_cortex.o
                0x0800129a                HAL_NVIC_SetPriority
 .text.HAL_SYSTICK_Config
                0x080012d2       0x18 Debug/stm32f4xx_hal_cortex.o
                0x080012d2                HAL_SYSTICK_Config
 *fill*         0x080012ea        0x2 
 .text.HAL_GPIO_Init
                0x080012ec      0x308 Debug/stm32f4xx_hal_gpio.o
                0x080012ec                HAL_GPIO_Init
 .text.HAL_RCC_OscConfig
                0x080015f4      0x4f0 Debug/stm32f4xx_hal_rcc.o
                0x080015f4                HAL_RCC_OscConfig
 .text.HAL_RCC_ClockConfig
                0x08001ae4      0x1cc Debug/stm32f4xx_hal_rcc.o
                0x08001ae4                HAL_RCC_ClockConfig
 .text.HAL_RCC_GetSysClockFreq
                0x08001cb0      0x20c Debug/stm32f4xx_hal_rcc.o
                0x08001cb0                HAL_RCC_GetSysClockFreq
 .text.HAL_RCC_GetHCLKFreq
                0x08001ebc       0x18 Debug/stm32f4xx_hal_rcc.o
                0x08001ebc                HAL_RCC_GetHCLKFreq
 .text.HAL_RCC_GetPCLK1Freq
                0x08001ed4       0x28 Debug/stm32f4xx_hal_rcc.o
                0x08001ed4                HAL_RCC_GetPCLK1Freq
 .text.HAL_RCC_GetPCLK2Freq
                0x08001efc       0x28 Debug/stm32f4xx_hal_rcc.o
                0x08001efc                HAL_RCC_GetPCLK2Freq
 .text.HAL_UART_Init
                0x08001f24       0xa0 Debug/stm32f4xx_hal_uart.o
                0x08001f24                HAL_UART_Init
 .text.HAL_UART_MspInit
                0x08001fc4       0x14 Debug/stm32f4xx_hal_uart.o
                0x08001fc4                HAL_UART_MspInit
 .text.HAL_UART_Transmit
                0x08001fd8      0x116 Debug/stm32f4xx_hal_uart.o
                0x08001fd8                HAL_UART_Transmit
 .text.HAL_UART_Receive
                0x080020ee      0x12e Debug/stm32f4xx_hal_uart.o
                0x080020ee                HAL_UART_Receive
 .text.UART_WaitOnFlagUntilTimeout
                0x0800221c       0xb2 Debug/stm32f4xx_hal_uart.o
 .text.UART_EndRxTransfer
                0x080022ce       0xc6 Debug/stm32f4xx_hal_uart.o
 .text.UART_SetConfig
                0x08002394      0x4e8 Debug/stm32f4xx_hal_uart.o
 .text.SystemInit
                0x0800287c       0x24 Debug/system_stm32f4xx.o
                0x0800287c                SystemInit
 .text.Reset_Handler
                0x080028a0       0x50 Debug/startup_stm32f401xe.o
                0x080028a0                Reset_Handler
 .text.Default_Handler
                0x080028f0        0x2 Debug/startup_stm32f401xe.o
                0x080028f0                RTC_Alarm_IRQHandler
                0x080028f0                EXTI2_IRQHandler
                0x080028f0                DebugMon_Handler
                0x080028f0                SPI4_IRQHandler
                0x080028f0                TIM1_CC_IRQHandler
                0x080028f0                DMA2_Stream5_IRQHandler
                0x080028f0                HardFault_Handler
                0x080028f0                DMA1_Stream5_IRQHandler
                0x080028f0                SysTick_Handler
                0x080028f0                PVD_IRQHandler
                0x080028f0                SDIO_IRQHandler
                0x080028f0                TAMP_STAMP_IRQHandler
                0x080028f0                PendSV_Handler
                0x080028f0                NMI_Handler
                0x080028f0                EXTI3_IRQHandler
                0x080028f0                TIM1_UP_TIM10_IRQHandler
                0x080028f0                I2C3_ER_IRQHandler
                0x080028f0                EXTI0_IRQHandler
                0x080028f0                I2C2_EV_IRQHandler
                0x080028f0                DMA1_Stream2_IRQHandler
                0x080028f0                FPU_IRQHandler
                0x080028f0                UsageFault_Handler
                0x080028f0                DMA2_Stream2_IRQHandler
                0x080028f0                SPI1_IRQHandler
                0x080028f0                TIM1_BRK_TIM9_IRQHandler
                0x080028f0                DMA2_Stream3_IRQHandler
                0x080028f0                USART6_IRQHandler
                0x080028f0                DMA2_Stream0_IRQHandler
                0x080028f0                TIM4_IRQHandler
                0x080028f0                I2C1_EV_IRQHandler
                0x080028f0                DMA1_Stream6_IRQHandler
                0x080028f0                DMA1_Stream1_IRQHandler
                0x080028f0                TIM3_IRQHandler
                0x080028f0                RCC_IRQHandler
                0x080028f0                Default_Handler
                0x080028f0                EXTI15_10_IRQHandler
                0x080028f0                ADC_IRQHandler
                0x080028f0                DMA1_Stream7_IRQHandler
                0x080028f0                TIM5_IRQHandler
                0x080028f0                DMA2_Stream7_IRQHandler
                0x080028f0                I2C3_EV_IRQHandler
                0x080028f0                EXTI9_5_IRQHandler
                0x080028f0                RTC_WKUP_IRQHandler
                0x080028f0                SPI2_IRQHandler
                0x080028f0                MemManage_Handler
                0x080028f0                DMA1_Stream0_IRQHandler
                0x080028f0                SVC_Handler
                0x080028f0                EXTI4_IRQHandler
                0x080028f0                WWDG_IRQHandler
                0x080028f0                TIM2_IRQHandler
                0x080028f0                OTG_FS_WKUP_IRQHandler
                0x080028f0                TIM1_TRG_COM_TIM11_IRQHandler
                0x080028f0                EXTI1_IRQHandler
                0x080028f0                USART2_IRQHandler
                0x080028f0                I2C2_ER_IRQHandler
                0x080028f0                DMA2_Stream1_IRQHandler
                0x080028f0                FLASH_IRQHandler
                0x080028f0                DMA2_Stream4_IRQHandler
                0x080028f0                BusFault_Handler
                0x080028f0                USART1_IRQHandler
                0x080028f0                OTG_FS_IRQHandler
                0x080028f0                SPI3_IRQHandler
                0x080028f0                DMA1_Stream4_IRQHandler
                0x080028f0                I2C1_ER_IRQHandler
                0x080028f0                DMA2_Stream6_IRQHandler
                0x080028f0                DMA1_Stream3_IRQHandler
 *fill*         0x080028f2        0x2 
 .text.snprintf
                0x080028f4       0x6c C:/ST/STM32CubeIDE_2.1.1/STM32CubeIDE/plugins/com.st.stm32cube.ide.mcu.externaltools.gnu-tools-for-stm32.14.3.rel1.win32_1.0.100.202602081740/tools/bin/../lib/gcc/arm-none-eabi/14.3.1/../../../../arm-none-eabi/lib/thumb/v7e-m+fp/hard\libc_nano.a(libc_a-snprintf.o)
                0x080028f4                sniprintf
                0x080028f4                snprintf
 .text.memset   0x08002960       0x10 C:/ST/STM32CubeIDE_2.1.1/STM32CubeIDE/plugins/com.st.stm32cube.ide.mcu.externaltools.gnu-tools-for-stm32.14.3.rel1.win32_1.0.100.202602081740/tools/bin/../lib/gcc/arm-none-eabi/14.3.1/../../../../arm-none-eabi/lib/thumb/v7e-m+fp/hard\libc_nano.a(libc_a-memset.o)
                0x08002960                memset
 .text.strstr   0x08002970       0x2c C:/ST/STM32CubeIDE_2.1.1/STM32CubeIDE/plugins/com.st.stm32cube.ide.mcu.externaltools.gnu-tools-for-stm32.14.3.rel1.win32_1.0.100.202602081740/tools/bin/../lib/gcc/arm-none-eabi/14.3.1/../../../../arm-none-eabi/lib/thumb/v7e-m+fp/hard\libc_nano.a(libc_a-strstr.o)
                0x08002970                strstr
 .text.__errno  0x0800299c        0xc C:/ST/STM32CubeIDE_2.1.1/STM32CubeIDE/plugins/com.st.stm32cube.ide.mcu.externaltools.gnu-tools-for-stm32.14.3.rel1.win32_1.0.100.202602081740/tools/bin/../lib/gcc/arm-none-eabi/14.3.1/../../../../arm-none-eabi/lib/thumb/v7e-m+fp/hard\libc_nano.a(libc_a-errno.o)
                0x0800299c                __errno
 .text.__libc_init_array
                0x080029a8       0x48 C:/ST/STM32CubeIDE_2.1.1/STM32CubeIDE/plugins/com.st.stm32cube.ide.mcu.externaltools.gnu-tools-for-stm32.14.3.rel1.win32_1.0.100.202602081740/tools/bin/../lib/gcc/arm-none-eabi/14.3.1/../../../../arm-none-eabi/lib/thumb/v7e-m+fp/hard\libc_nano.a(libc_a-init.o)
                0x080029a8                __libc_init_array
 .text.__retarget_lock_acquire_recursive
                0x080029f0        0x2 C:/ST/STM32CubeIDE_2.1.1/STM32CubeIDE/plugins/com.st.stm32cube.ide.mcu.externaltools.gnu-tools-for-stm32.14.3.rel1.win32_1.0.100.202602081740/tools/bin/../lib/gcc/arm-none-eabi/14.3.1/../../../../arm-none-eabi/lib/thumb/v7e-m+fp/hard\libc_nano.a(libc_a-lock.o)
                0x080029f0                __retarget_lock_acquire_recursive
 .text.__retarget_lock_release_recursive
                0x080029f2        0x2 C:/ST/STM32CubeIDE_2.1.1/STM32CubeIDE/plugins/com.st.stm32cube.ide.mcu.externaltools.gnu-tools-for-stm32.14.3.rel1.win32_1.0.100.202602081740/tools/bin/../lib/gcc/arm-none-eabi/14.3.1/../../../../arm-none-eabi/lib/thumb/v7e-m+fp/hard\libc_nano.a(libc_a-lock.o)
                0x080029f2                __retarget_lock_release_recursive
 .text._free_r  0x080029f4       0x94 C:/ST/STM32CubeIDE_2.1.1/STM32CubeIDE/plugins/com.st.stm32cube.ide.mcu.externaltools.gnu-tools-for-stm32.14.3.rel1.win32_1.0.100.202602081740/tools/bin/../lib/gcc/arm-none-eabi/14.3.1/../../../../arm-none-eabi/lib/thumb/v7e-m+fp/hard\libc_nano.a(libc_a-freer.o)
                0x080029f4                _free_r
 .text.sbrk_aligned
                0x08002a88       0x44 C:/ST/STM32CubeIDE_2.1.1/STM32CubeIDE/plugins/com.st.stm32cube.ide.mcu.externaltools.gnu-tools-for-stm32.14.3.rel1.win32_1.0.100.202602081740/tools/bin/../lib/gcc/arm-none-eabi/14.3.1/../../../../arm-none-eabi/lib/thumb/v7e-m+fp/hard\libc_nano.a(libc_a-mallocr.o)
 .text._malloc_r
                0x08002acc      0x100 C:/ST/STM32CubeIDE_2.1.1/STM32CubeIDE/plugins/com.st.stm32cube.ide.mcu.externaltools.gnu-tools-for-stm32.14.3.rel1.win32_1.0.100.202602081740/tools/bin/../lib/gcc/arm-none-eabi/14.3.1/../../../../arm-none-eabi/lib/thumb/v7e-m+fp/hard\libc_nano.a(libc_a-mallocr.o)
                0x08002acc                _malloc_r
 .text.__malloc_lock
                0x08002bcc        0xc C:/ST/STM32CubeIDE_2.1.1/STM32CubeIDE/plugins/com.st.stm32cube.ide.mcu.externaltools.gnu-tools-for-stm32.14.3.rel1.win32_1.0.100.202602081740/tools/bin/../lib/gcc/arm-none-eabi/14.3.1/../../../../arm-none-eabi/lib/thumb/v7e-m+fp/hard\libc_nano.a(libc_a-mlock.o)
                0x08002bcc                __malloc_lock
 .text.__malloc_unlock
                0x08002bd8        0xc C:/ST/STM32CubeIDE_2.1.1/STM32CubeIDE/plugins/com.st.stm32cube.ide.mcu.externaltools.gnu-tools-for-stm32.14.3.rel1.win32_1.0.100.202602081740/tools/bin/../lib/gcc/arm-none-eabi/14.3.1/../../../../arm-none-eabi/lib/thumb/v7e-m+fp/hard\libc_nano.a(libc_a-mlock.o)
                0x08002bd8                __malloc_unlock
 .text.__ssputs_r
                0x08002be4       0xc0 C:/ST/STM32CubeIDE_2.1.1/STM32CubeIDE/plugins/com.st.stm32cube.ide.mcu.externaltools.gnu-tools-for-stm32.14.3.rel1.win32_1.0.100.202602081740/tools/bin/../lib/gcc/arm-none-eabi/14.3.1/../../../../arm-none-eabi/lib/thumb/v7e-m+fp/hard\libc_nano.a(libc_a-nano-svfprintf.o)
                0x08002be4                __ssputs_r
 .text._svfprintf_r
                0x08002ca4      0x1f0 C:/ST/STM32CubeIDE_2.1.1/STM32CubeIDE/plugins/com.st.stm32cube.ide.mcu.externaltools.gnu-tools-for-stm32.14.3.rel1.win32_1.0.100.202602081740/tools/bin/../lib/gcc/arm-none-eabi/14.3.1/../../../../arm-none-eabi/lib/thumb/v7e-m+fp/hard\libc_nano.a(libc_a-nano-svfprintf.o)
                0x08002ca4                _svfiprintf_r
                0x08002ca4                _svfprintf_r
 .text._printf_common
                0x08002e94       0xda C:/ST/STM32CubeIDE_2.1.1/STM32CubeIDE/plugins/com.st.stm32cube.ide.mcu.externaltools.gnu-tools-for-stm32.14.3.rel1.win32_1.0.100.202602081740/tools/bin/../lib/gcc/arm-none-eabi/14.3.1/../../../../arm-none-eabi/lib/thumb/v7e-m+fp/hard\libc_nano.a(libc_a-nano-vfprintf_i.o)
                0x08002e94                _printf_common
 *fill*         0x08002f6e        0x2 
 .text._printf_i
                0x08002f70      0x24c C:/ST/STM32CubeIDE_2.1.1/STM32CubeIDE/plugins/com.st.stm32cube.ide.mcu.externaltools.gnu-tools-for-stm32.14.3.rel1.win32_1.0.100.202602081740/tools/bin/../lib/gcc/arm-none-eabi/14.3.1/../../../../arm-none-eabi/lib/thumb/v7e-m+fp/hard\libc_nano.a(libc_a-nano-vfprintf_i.o)
                0x08002f70                _printf_i
 .text.memmove  0x080031bc       0x32 C:/ST/STM32CubeIDE_2.1.1/STM32CubeIDE/plugins/com.st.stm32cube.ide.mcu.externaltools.gnu-tools-for-stm32.14.3.rel1.win32_1.0.100.202602081740/tools/bin/../lib/gcc/arm-none-eabi/14.3.1/../../../../arm-none-eabi/lib/thumb/v7e-m+fp/hard\libc_nano.a(libc_a-memmove.o)
                0x080031bc                memmove
 *fill*         0x080031ee        0x2 
 .text._sbrk_r  0x080031f0       0x20 C:/ST/STM32CubeIDE_2.1.1/STM32CubeIDE/plugins/com.st.stm32cube.ide.mcu.externaltools.gnu-tools-for-stm32.14.3.rel1.win32_1.0.100.202602081740/tools/bin/../lib/gcc/arm-none-eabi/14.3.1/../../../../arm-none-eabi/lib/thumb/v7e-m+fp/hard\libc_nano.a(libc_a-sbrkr.o)
                0x080031f0                _sbrk_r
 .text.memcpy   0x08003210       0x1c C:/ST/STM32CubeIDE_2.1.1/STM32CubeIDE/plugins/com.st.stm32cube.ide.mcu.externaltools.gnu-tools-for-stm32.14.3.rel1.win32_1.0.100.202602081740/tools/bin/../lib/gcc/arm-none-eabi/14.3.1/../../../../arm-none-eabi/lib/thumb/v7e-m+fp/hard\libc_nano.a(libc_a-memcpy-stub.o)
                0x08003210                memcpy
 .text._realloc_r
                0x0800322c       0x5c C:/ST/STM32CubeIDE_2.1.1/STM32CubeIDE/plugins/com.st.stm32cube.ide.mcu.externaltools.gnu-tools-for-stm32.14.3.rel1.win32_1.0.100.202602081740/tools/bin/../lib/gcc/arm-none-eabi/14.3.1/../../../../arm-none-eabi/lib/thumb/v7e-m+fp/hard\libc_nano.a(libc_a-reallocr.o)
                0x0800322c                _realloc_r
 .text._malloc_usable_size_r
                0x08003288       0x10 C:/ST/STM32CubeIDE_2.1.1/STM32CubeIDE/plugins/com.st.stm32cube.ide.mcu.externaltools.gnu-tools-for-stm32.14.3.rel1.win32_1.0.100.202602081740/tools/bin/../lib/gcc/arm-none-eabi/14.3.1/../../../../arm-none-eabi/lib/thumb/v7e-m+fp/hard\libc_nano.a(libc_a-msizer.o)
                0x08003288                _malloc_usable_size_r
 *(.glue_7)
 .glue_7        0x08003298        0x0 linker stubs
 *(.glue_7t)
 .glue_7t       0x08003298        0x0 linker stubs
 *(.eh_frame)
 .eh_frame      0x08003298        0x0 C:/ST/STM32CubeIDE_2.1.1/STM32CubeIDE/plugins/com.st.stm32cube.ide.mcu.externaltools.gnu-tools-for-stm32.14.3.rel1.win32_1.0.100.202602081740/tools/bin/../lib/gcc/arm-none-eabi/14.3.1/thumb/v7e-m+fp/hard/crtbegin.o
 *(.init)
 .init          0x08003298        0x4 C:/ST/STM32CubeIDE_2.1.1/STM32CubeIDE/plugins/com.st.stm32cube.ide.mcu.externaltools.gnu-tools-for-stm32.14.3.rel1.win32_1.0.100.202602081740/tools/bin/../lib/gcc/arm-none-eabi/14.3.1/thumb/v7e-m+fp/hard/crti.o
                0x08003298                _init
 .init          0x0800329c        0x8 C:/ST/STM32CubeIDE_2.1.1/STM32CubeIDE/plugins/com.st.stm32cube.ide.mcu.externaltools.gnu-tools-for-stm32.14.3.rel1.win32_1.0.100.202602081740/tools/bin/../lib/gcc/arm-none-eabi/14.3.1/thumb/v7e-m+fp/hard/crtn.o
 *(.fini)
 .fini          0x080032a4        0x4 C:/ST/STM32CubeIDE_2.1.1/STM32CubeIDE/plugins/com.st.stm32cube.ide.mcu.externaltools.gnu-tools-for-stm32.14.3.rel1.win32_1.0.100.202602081740/tools/bin/../lib/gcc/arm-none-eabi/14.3.1/thumb/v7e-m+fp/hard/crti.o
                0x080032a4                _fini
 .fini          0x080032a8        0x8 C:/ST/STM32CubeIDE_2.1.1/STM32CubeIDE/plugins/com.st.stm32cube.ide.mcu.externaltools.gnu-tools-for-stm32.14.3.rel1.win32_1.0.100.202602081740/tools/bin/../lib/gcc/arm-none-eabi/14.3.1/thumb/v7e-m+fp/hard/crtn.o
                0x080032b0                        . = ALIGN (0x4)
                0x080032b0                        _etext = .

.vfp11_veneer   0x080032b0        0x0
 .vfp11_veneer  0x080032b0        0x0 linker stubs

.v4_bx          0x080032b0        0x0
 .v4_bx         0x080032b0        0x0 linker stubs

.iplt           0x080032b0        0x0
 .iplt          0x080032b0        0x0 C:/ST/STM32CubeIDE_2.1.1/STM32CubeIDE/plugins/com.st.stm32cube.ide.mcu.externaltools.gnu-tools-for-stm32.14.3.rel1.win32_1.0.100.202602081740/tools/bin/../lib/gcc/arm-none-eabi/14.3.1/thumb/v7e-m+fp/hard/crtbegin.o

.rodata         0x080032b0      0x228
                0x080032b0                        . = ALIGN (0x4)
 *(.rodata)
 .rodata        0x080032b0      0x1dc Debug/main.o
 *(.rodata*)
 .rodata.AHBPrescTable
                0x0800348c       0x10 Debug/system_stm32f4xx.o
                0x0800348c                AHBPrescTable
 .rodata.APBPrescTable
                0x0800349c        0x8 Debug/system_stm32f4xx.o
                0x0800349c                APBPrescTable
 .rodata._svfprintf_r.str1.1
                0x080034a4       0x33 C:/ST/STM32CubeIDE_2.1.1/STM32CubeIDE/plugins/com.st.stm32cube.ide.mcu.externaltools.gnu-tools-for-stm32.14.3.rel1.win32_1.0.100.202602081740/tools/bin/../lib/gcc/arm-none-eabi/14.3.1/../../../../arm-none-eabi/lib/thumb/v7e-m+fp/hard\libc_nano.a(libc_a-nano-svfprintf.o)
                                 0x11 (size before relaxing)
 .rodata._printf_i.str1.1
                0x080034d7       0x22 C:/ST/STM32CubeIDE_2.1.1/STM32CubeIDE/plugins/com.st.stm32cube.ide.mcu.externaltools.gnu-tools-for-stm32.14.3.rel1.win32_1.0.100.202602081740/tools/bin/../lib/gcc/arm-none-eabi/14.3.1/../../../../arm-none-eabi/lib/thumb/v7e-m+fp/hard\libc_nano.a(libc_a-nano-vfprintf_i.o)
                0x080034fc                        . = ALIGN (0x4)
 *fill*         0x080034d7        0x1 

.ARM.extab      0x080034d8        0x0
                0x080034d8                        . = ALIGN (0x4)
 *(.ARM.extab* .gnu.linkonce.armextab.*)
                0x080034d8                        . = ALIGN (0x4)

.ARM            0x080034d8        0x8
                0x080034d8                        . = ALIGN (0x4)
                0x080034d8                        __exidx_start = .
 *(.ARM.exidx*)
 .ARM.exidx     0x080034d8        0x8 C:/ST/STM32CubeIDE_2.1.1/STM32CubeIDE/plugins/com.st.stm32cube.ide.mcu.externaltools.gnu-tools-for-stm32.14.3.rel1.win32_1.0.100.202602081740/tools/bin/../lib/gcc/arm-none-eabi/14.3.1/thumb/v7e-m+fp/hard\libgcc.a(_udivmoddi4.o)
 .ARM.exidx     0x080034e0        0x0 C:/ST/STM32CubeIDE_2.1.1/STM32CubeIDE/plugins/com.st.stm32cube.ide.mcu.externaltools.gnu-tools-for-stm32.14.3.rel1.win32_1.0.100.202602081740/tools/bin/../lib/gcc/arm-none-eabi/14.3.1/../../../../arm-none-eabi/lib/thumb/v7e-m+fp/hard\libc_nano.a(libc_a-strlen.o)
                                  0x8 (size before relaxing)
 .ARM.exidx     0x080034e0        0x0 C:/ST/STM32CubeIDE_2.1.1/STM32CubeIDE/plugins/com.st.stm32cube.ide.mcu.externaltools.gnu-tools-for-stm32.14.3.rel1.win32_1.0.100.202602081740/tools/bin/../lib/gcc/arm-none-eabi/14.3.1/../../../../arm-none-eabi/lib/thumb/v7e-m+fp/hard\libc_nano.a(libc_a-memchr.o)
                                  0x8 (size before relaxing)
                0x080034e0                        __exidx_end = .
                0x080034e0                        . = ALIGN (0x4)

.preinit_array  0x080034e0        0x0
                0x080034e0                        . = ALIGN (0x4)
                0x080034e0                        PROVIDE (__preinit_array_start = .)
 *(.preinit_array*)
                0x080034e0                        PROVIDE (__preinit_array_end = .)
                0x080034e0                        . = ALIGN (0x4)

.init_array     0x080034e0        0x4
                0x080034e0                        . = ALIGN (0x4)
                0x080034e0                        PROVIDE (__init_array_start = .)
 *(SORT_BY_NAME(.init_array.*))
 *(.init_array*)
 .init_array    0x080034e0        0x4 C:/ST/STM32CubeIDE_2.1.1/STM32CubeIDE/plugins/com.st.stm32cube.ide.mcu.externaltools.gnu-tools-for-stm32.14.3.rel1.win32_1.0.100.202602081740/tools/bin/../lib/gcc/arm-none-eabi/14.3.1/thumb/v7e-m+fp/hard/crtbegin.o
                0x080034e4                        PROVIDE (__init_array_end = .)
                0x080034e4                        . = ALIGN (0x4)

.fini_array     0x080034e4        0x4
                0x080034e4                        . = ALIGN (0x4)
                [!provide]                        PROVIDE (__fini_array_start = .)
 *(SORT_BY_NAME(.fini_array.*))
 *(.fini_array*)
 .fini_array    0x080034e4        0x4 C:/ST/STM32CubeIDE_2.1.1/STM32CubeIDE/plugins/com.st.stm32cube.ide.mcu.externaltools.gnu-tools-for-stm32.14.3.rel1.win32_1.0.100.202602081740/tools/bin/../lib/gcc/arm-none-eabi/14.3.1/thumb/v7e-m+fp/hard/crtbegin.o
                [!provide]                        PROVIDE (__fini_array_end = .)
                0x080034e8                        . = ALIGN (0x4)
                0x080034e8                        _sidata = LOADADDR (.data)

.rel.dyn        0x080034e8        0x0
 .rel.iplt      0x080034e8        0x0 C:/ST/STM32CubeIDE_2.1.1/STM32CubeIDE/plugins/com.st.stm32cube.ide.mcu.externaltools.gnu-tools-for-stm32.14.3.rel1.win32_1.0.100.202602081740/tools/bin/../lib/gcc/arm-none-eabi/14.3.1/thumb/v7e-m+fp/hard/crtbegin.o

.data           0x20000000       0x5c load address 0x080034e8
                0x20000000                        . = ALIGN (0x4)
                0x20000000                        _sdata = .
 *(.data)
 *(.data*)
 .data.uwTickPrio
                0x20000000        0x4 Debug/stm32f4xx_hal.o
                0x20000000                uwTickPrio
 .data.uwTickFreq
                0x20000004        0x1 Debug/stm32f4xx_hal.o
                0x20000004                uwTickFreq
 *fill*         0x20000005        0x3 
 .data.SystemCoreClock
                0x20000008        0x4 Debug/system_stm32f4xx.o
                0x20000008                SystemCoreClock
 .data._impure_ptr
                0x2000000c        0x4 C:/ST/STM32CubeIDE_2.1.1/STM32CubeIDE/plugins/com.st.stm32cube.ide.mcu.externaltools.gnu-tools-for-stm32.14.3.rel1.win32_1.0.100.202602081740/tools/bin/../lib/gcc/arm-none-eabi/14.3.1/../../../../arm-none-eabi/lib/thumb/v7e-m+fp/hard\libc_nano.a(libc_a-impure.o)
                0x2000000c                _impure_ptr
 .data._impure_data
                0x20000010       0x4c C:/ST/STM32CubeIDE_2.1.1/STM32CubeIDE/plugins/com.st.stm32cube.ide.mcu.externaltools.gnu-tools-for-stm32.14.3.rel1.win32_1.0.100.202602081740/tools/bin/../lib/gcc/arm-none-eabi/14.3.1/../../../../arm-none-eabi/lib/thumb/v7e-m+fp/hard\libc_nano.a(libc_a-impure.o)
                0x20000010                _impure_data
 *(.RamFunc)
 *(.RamFunc*)
                0x2000005c                        . = ALIGN (0x4)
                0x2000005c                        _edata = .

.igot.plt       0x2000005c        0x0 load address 0x08003544
 .igot.plt      0x2000005c        0x0 C:/ST/STM32CubeIDE_2.1.1/STM32CubeIDE/plugins/com.st.stm32cube.ide.mcu.externaltools.gnu-tools-for-stm32.14.3.rel1.win32_1.0.100.202602081740/tools/bin/../lib/gcc/arm-none-eabi/14.3.1/thumb/v7e-m+fp/hard/crtbegin.o
                0x2000005c                        . = ALIGN (0x4)

.bss            0x2000005c      0x9fc load address 0x08003544
                0x2000005c                        _sbss = .
                0x2000005c                        __bss_start__ = _sbss
 *(.bss)
 .bss           0x2000005c       0x1c C:/ST/STM32CubeIDE_2.1.1/STM32CubeIDE/plugins/com.st.stm32cube.ide.mcu.externaltools.gnu-tools-for-stm32.14.3.rel1.win32_1.0.100.202602081740/tools/bin/../lib/gcc/arm-none-eabi/14.3.1/thumb/v7e-m+fp/hard/crtbegin.o
 *(.bss*)
 .bss.huart1    0x20000078       0x48 Debug/main.o
                0x20000078                huart1
 .bss.huart2    0x200000c0       0x48 Debug/main.o
                0x200000c0                huart2
 .bss.dummy_data_buffer
                0x20000108      0x800 Debug/main.o
                0x20000108                dummy_data_buffer
 .bss.__sbrk_heap_end
                0x20000908        0x4 Debug/sysmem.o
 .bss.uwTick    0x2000090c        0x4 Debug/stm32f4xx_hal.o
                0x2000090c                uwTick
 .bss.__sf      0x20000910      0x138 C:/ST/STM32CubeIDE_2.1.1/STM32CubeIDE/plugins/com.st.stm32cube.ide.mcu.externaltools.gnu-tools-for-stm32.14.3.rel1.win32_1.0.100.202602081740/tools/bin/../lib/gcc/arm-none-eabi/14.3.1/../../../../arm-none-eabi/lib/thumb/v7e-m+fp/hard\libc_nano.a(libc_a-findfp.o)
                0x20000910                __sf
 .bss.errno     0x20000a48        0x4 C:/ST/STM32CubeIDE_2.1.1/STM32CubeIDE/plugins/com.st.stm32cube.ide.mcu.externaltools.gnu-tools-for-stm32.14.3.rel1.win32_1.0.100.202602081740/tools/bin/../lib/gcc/arm-none-eabi/14.3.1/../../../../arm-none-eabi/lib/thumb/v7e-m+fp/hard\libc_nano.a(libc_a-reent.o)
                0x20000a48                errno
 .bss.__lock___malloc_recursive_mutex
                0x20000a4c        0x1 C:/ST/STM32CubeIDE_2.1.1/STM32CubeIDE/plugins/com.st.stm32cube.ide.mcu.externaltools.gnu-tools-for-stm32.14.3.rel1.win32_1.0.100.202602081740/tools/bin/../lib/gcc/arm-none-eabi/14.3.1/../../../../arm-none-eabi/lib/thumb/v7e-m+fp/hard\libc_nano.a(libc_a-lock.o)
                0x20000a4c                __lock___malloc_recursive_mutex
 *fill*         0x20000a4d        0x3 
 .bss.__malloc_sbrk_start
                0x20000a50        0x4 C:/ST/STM32CubeIDE_2.1.1/STM32CubeIDE/plugins/com.st.stm32cube.ide.mcu.externaltools.gnu-tools-for-stm32.14.3.rel1.win32_1.0.100.202602081740/tools/bin/../lib/gcc/arm-none-eabi/14.3.1/../../../../arm-none-eabi/lib/thumb/v7e-m+fp/hard\libc_nano.a(libc_a-mallocr.o)
                0x20000a50                __malloc_sbrk_start
 .bss.__malloc_free_list
                0x20000a54        0x4 C:/ST/STM32CubeIDE_2.1.1/STM32CubeIDE/plugins/com.st.stm32cube.ide.mcu.externaltools.gnu-tools-for-stm32.14.3.rel1.win32_1.0.100.202602081740/tools/bin/../lib/gcc/arm-none-eabi/14.3.1/../../../../arm-none-eabi/lib/thumb/v7e-m+fp/hard\libc_nano.a(libc_a-mallocr.o)
                0x20000a54                __malloc_free_list
 *(COMMON)
                0x20000a58                        . = ALIGN (0x4)
                0x20000a58                        _ebss = .
                0x20000a58                        __bss_end__ = _ebss

._user_heap_stack
                0x20000a58      0x600 load address 0x08003544
                0x20000a58                        . = ALIGN (0x8)
                [!provide]                        PROVIDE (end = .)
                0x20000a58                        PROVIDE (_end = .)
                0x20000c58                        . = (. + _Min_Heap_Size)
 *fill*         0x20000a58      0x200 
                0x20001058                        . = (. + _Min_Stack_Size)
 *fill*         0x20000c58      0x400 
                0x20001058                        . = ALIGN (0x8)

/DISCARD/
 libc.a(*)
 libm.a(*)
 libgcc.a(*)

.ARM.attributes
                0x00000000       0x30
 *(.ARM.attributes)
 .ARM.attributes
                0x00000000       0x22 C:/ST/STM32CubeIDE_2.1.1/STM32CubeIDE/plugins/com.st.stm32cube.ide.mcu.externaltools.gnu-tools-for-stm32.14.3.rel1.win32_1.0.100.202602081740/tools/bin/../lib/gcc/arm-none-eabi/14.3.1/thumb/v7e-m+fp/hard/crti.o
 .ARM.attributes
                0x00000022       0x34 C:/ST/STM32CubeIDE_2.1.1/STM32CubeIDE/plugins/com.st.stm32cube.ide.mcu.externaltools.gnu-tools-for-stm32.14.3.rel1.win32_1.0.100.202602081740/tools/bin/../lib/gcc/arm-none-eabi/14.3.1/thumb/v7e-m+fp/hard/crtbegin.o
 .ARM.attributes
                0x00000056       0x34 Debug/main.o
 .ARM.attributes
                0x0000008a       0x34 Debug/sysmem.o
 .ARM.attributes
                0x000000be       0x34 Debug/stm32f4xx_hal.o
 .ARM.attributes
                0x000000f2       0x34 Debug/stm32f4xx_hal_cortex.o
 .ARM.attributes
                0x00000126       0x34 Debug/stm32f4xx_hal_gpio.o
 .ARM.attributes
                0x0000015a       0x34 Debug/stm32f4xx_hal_rcc.o
 .ARM.attributes
                0x0000018e       0x34 Debug/stm32f4xx_hal_uart.o
 .ARM.attributes
                0x000001c2       0x34 Debug/system_stm32f4xx.o
 .ARM.attributes
                0x000001f6       0x21 Debug/startup_stm32f401xe.o
 .ARM.attributes
                0x00000217       0x22 C:/ST/STM32CubeIDE_2.1.1/STM32CubeIDE/plugins/com.st.stm32cube.ide.mcu.externaltools.gnu-tools-for-stm32.14.3.rel1.win32_1.0.100.202602081740/tools/bin/../lib/gcc/arm-none-eabi/14.3.1/thumb/v7e-m+fp/hard\libgcc.a(_aeabi_uldivmod.o)
 .ARM.attributes
                0x00000239       0x34 C:/ST/STM32CubeIDE_2.1.1/STM32CubeIDE/plugins/com.st.stm32cube.ide.mcu.externaltools.gnu-tools-for-stm32.14.3.rel1.win32_1.0.100.202602081740/tools/bin/../lib/gcc/arm-none-eabi/14.3.1/thumb/v7e-m+fp/hard\libgcc.a(_udivmoddi4.o)
 .ARM.attributes
                0x0000026d       0x22 C:/ST/STM32CubeIDE_2.1.1/STM32CubeIDE/plugins/com.st.stm32cube.ide.mcu.externaltools.gnu-tools-for-stm32.14.3.rel1.win32_1.0.100.202602081740/tools/bin/../lib/gcc/arm-none-eabi/14.3.1/thumb/v7e-m+fp/hard\libgcc.a(_dvmd_tls.o)
 .ARM.attributes
                0x0000028f       0x34 C:/ST/STM32CubeIDE_2.1.1/STM32CubeIDE/plugins/com.st.stm32cube.ide.mcu.externaltools.gnu-tools-for-stm32.14.3.rel1.win32_1.0.100.202602081740/tools/bin/../lib/gcc/arm-none-eabi/14.3.1/../../../../arm-none-eabi/lib/thumb/v7e-m+fp/hard\libc_nano.a(libc_a-findfp.o)
 .ARM.attributes
                0x000002c3       0x34 C:/ST/STM32CubeIDE_2.1.1/STM32CubeIDE/plugins/com.st.stm32cube.ide.mcu.externaltools.gnu-tools-for-stm32.14.3.rel1.win32_1.0.100.202602081740/tools/bin/../lib/gcc/arm-none-eabi/14.3.1/../../../../arm-none-eabi/lib/thumb/v7e-m+fp/hard\libc_nano.a(libc_a-snprintf.o)
 .ARM.attributes
                0x000002f7       0x34 C:/ST/STM32CubeIDE_2.1.1/STM32CubeIDE/plugins/com.st.stm32cube.ide.mcu.externaltools.gnu-tools-for-stm32.14.3.rel1.win32_1.0.100.202602081740/tools/bin/../lib/gcc/arm-none-eabi/14.3.1/../../../../arm-none-eabi/lib/thumb/v7e-m+fp/hard\libc_nano.a(libc_a-memset.o)
 .ARM.attributes
                0x0000032b       0x34 C:/ST/STM32CubeIDE_2.1.1/STM32CubeIDE/plugins/com.st.stm32cube.ide.mcu.externaltools.gnu-tools-for-stm32.14.3.rel1.win32_1.0.100.202602081740/tools/bin/../lib/gcc/arm-none-eabi/14.3.1/../../../../arm-none-eabi/lib/thumb/v7e-m+fp/hard\libc_nano.a(libc_a-strstr.o)
 .ARM.attributes
                0x0000035f       0x34 C:/ST/STM32CubeIDE_2.1.1/STM32CubeIDE/plugins/com.st.stm32cube.ide.mcu.externaltools.gnu-tools-for-stm32.14.3.rel1.win32_1.0.100.202602081740/tools/bin/../lib/gcc/arm-none-eabi/14.3.1/../../../../arm-none-eabi/lib/thumb/v7e-m+fp/hard\libc_nano.a(libc_a-reent.o)
 .ARM.attributes
                0x00000393       0x34 C:/ST/STM32CubeIDE_2.1.1/STM32CubeIDE/plugins/com.st.stm32cube.ide.mcu.externaltools.gnu-tools-for-stm32.14.3.rel1.win32_1.0.100.202602081740/tools/bin/../lib/gcc/arm-none-eabi/14.3.1/../../../../arm-none-eabi/lib/thumb/v7e-m+fp/hard\libc_nano.a(libc_a-impure.o)
 .ARM.attributes
                0x000003c7       0x34 C:/ST/STM32CubeIDE_2.1.1/STM32CubeIDE/plugins/com.st.stm32cube.ide.mcu.externaltools.gnu-tools-for-stm32.14.3.rel1.win32_1.0.100.202602081740/tools/bin/../lib/gcc/arm-none-eabi/14.3.1/../../../../arm-none-eabi/lib/thumb/v7e-m+fp/hard\libc_nano.a(libc_a-errno.o)
 .ARM.attributes
                0x000003fb       0x34 C:/ST/STM32CubeIDE_2.1.1/STM32CubeIDE/plugins/com.st.stm32cube.ide.mcu.externaltools.gnu-tools-for-stm32.14.3.rel1.win32_1.0.100.202602081740/tools/bin/../lib/gcc/arm-none-eabi/14.3.1/../../../../arm-none-eabi/lib/thumb/v7e-m+fp/hard\libc_nano.a(libc_a-init.o)
 .ARM.attributes
                0x0000042f       0x34 C:/ST/STM32CubeIDE_2.1.1/STM32CubeIDE/plugins/com.st.stm32cube.ide.mcu.externaltools.gnu-tools-for-stm32.14.3.rel1.win32_1.0.100.202602081740/tools/bin/../lib/gcc/arm-none-eabi/14.3.1/../../../../arm-none-eabi/lib/thumb/v7e-m+fp/hard\libc_nano.a(libc_a-lock.o)
 .ARM.attributes
                0x00000463       0x17 C:/ST/STM32CubeIDE_2.1.1/STM32CubeIDE/plugins/com.st.stm32cube.ide.mcu.externaltools.gnu-tools-for-stm32.14.3.rel1.win32_1.0.100.202602081740/tools/bin/../lib/gcc/arm-none-eabi/14.3.1/../../../../arm-none-eabi/lib/thumb/v7e-m+fp/hard\libc_nano.a(libc_a-strlen.o)
 .ARM.attributes
                0x0000047a       0x34 C:/ST/STM32CubeIDE_2.1.1/STM32CubeIDE/plugins/com.st.stm32cube.ide.mcu.externaltools.gnu-tools-for-stm32.14.3.rel1.win32_1.0.100.202602081740/tools/bin/../lib/gcc/arm-none-eabi/14.3.1/../../../../arm-none-eabi/lib/thumb/v7e-m+fp/hard\libc_nano.a(libc_a-freer.o)
 .ARM.attributes
                0x000004ae       0x34 C:/ST/STM32CubeIDE_2.1.1/STM32CubeIDE/plugins/com.st.stm32cube.ide.mcu.externaltools.gnu-tools-for-stm32.14.3.rel1.win32_1.0.100.202602081740/tools/bin/../lib/gcc/arm-none-eabi/14.3.1/../../../../arm-none-eabi/lib/thumb/v7e-m+fp/hard\libc_nano.a(libc_a-mallocr.o)
 .ARM.attributes
                0x000004e2       0x34 C:/ST/STM32CubeIDE_2.1.1/STM32CubeIDE/plugins/com.st.stm32cube.ide.mcu.externaltools.gnu-tools-for-stm32.14.3.rel1.win32_1.0.100.202602081740/tools/bin/../lib/gcc/arm-none-eabi/14.3.1/../../../../arm-none-eabi/lib/thumb/v7e-m+fp/hard\libc_nano.a(libc_a-mlock.o)
 .ARM.attributes
                0x00000516       0x34 C:/ST/STM32CubeIDE_2.1.1/STM32CubeIDE/plugins/com.st.stm32cube.ide.mcu.externaltools.gnu-tools-for-stm32.14.3.rel1.win32_1.0.100.202602081740/tools/bin/../lib/gcc/arm-none-eabi/14.3.1/../../../../arm-none-eabi/lib/thumb/v7e-m+fp/hard\libc_nano.a(libc_a-nano-svfprintf.o)
 .ARM.attributes
                0x0000054a       0x34 C:/ST/STM32CubeIDE_2.1.1/STM32CubeIDE/plugins/com.st.stm32cube.ide.mcu.externaltools.gnu-tools-for-stm32.14.3.rel1.win32_1.0.100.202602081740/tools/bin/../lib/gcc/arm-none-eabi/14.3.1/../../../../arm-none-eabi/lib/thumb/v7e-m+fp/hard\libc_nano.a(libc_a-nano-vfprintf_i.o)
 .ARM.attributes
                0x0000057e       0x34 C:/ST/STM32CubeIDE_2.1.1/STM32CubeIDE/plugins/com.st.stm32cube.ide.mcu.externaltools.gnu-tools-for-stm32.14.3.rel1.win32_1.0.100.202602081740/tools/bin/../lib/gcc/arm-none-eabi/14.3.1/../../../../arm-none-eabi/lib/thumb/v7e-m+fp/hard\libc_nano.a(libc_a-memmove.o)
 .ARM.attributes
                0x000005b2       0x34 C:/ST/STM32CubeIDE_2.1.1/STM32CubeIDE/plugins/com.st.stm32cube.ide.mcu.externaltools.gnu-tools-for-stm32.14.3.rel1.win32_1.0.100.202602081740/tools/bin/../lib/gcc/arm-none-eabi/14.3.1/../../../../arm-none-eabi/lib/thumb/v7e-m+fp/hard\libc_nano.a(libc_a-sbrkr.o)
 .ARM.attributes
                0x000005e6       0x1c C:/ST/STM32CubeIDE_2.1.1/STM32CubeIDE/plugins/com.st.stm32cube.ide.mcu.externaltools.gnu-tools-for-stm32.14.3.rel1.win32_1.0.100.202602081740/tools/bin/../lib/gcc/arm-none-eabi/14.3.1/../../../../arm-none-eabi/lib/thumb/v7e-m+fp/hard\libc_nano.a(libc_a-memchr.o)
 .ARM.attributes
                0x00000602       0x34 C:/ST/STM32CubeIDE_2.1.1/STM32CubeIDE/plugins/com.st.stm32cube.ide.mcu.externaltools.gnu-tools-for-stm32.14.3.rel1.win32_1.0.100.202602081740/tools/bin/../lib/gcc/arm-none-eabi/14.3.1/../../../../arm-none-eabi/lib/thumb/v7e-m+fp/hard\libc_nano.a(libc_a-memcpy-stub.o)
 .ARM.attributes
                0x00000636       0x34 C:/ST/STM32CubeIDE_2.1.1/STM32CubeIDE/plugins/com.st.stm32cube.ide.mcu.externaltools.gnu-tools-for-stm32.14.3.rel1.win32_1.0.100.202602081740/tools/bin/../lib/gcc/arm-none-eabi/14.3.1/../../../../arm-none-eabi/lib/thumb/v7e-m+fp/hard\libc_nano.a(libc_a-reallocr.o)
 .ARM.attributes
                0x0000066a       0x34 C:/ST/STM32CubeIDE_2.1.1/STM32CubeIDE/plugins/com.st.stm32cube.ide.mcu.externaltools.gnu-tools-for-stm32.14.3.rel1.win32_1.0.100.202602081740/tools/bin/../lib/gcc/arm-none-eabi/14.3.1/../../../../arm-none-eabi/lib/thumb/v7e-m+fp/hard\libc_nano.a(libc_a-msizer.o)
 .ARM.attributes
                0x0000069e       0x22 C:/ST/STM32CubeIDE_2.1.1/STM32CubeIDE/plugins/com.st.stm32cube.ide.mcu.externaltools.gnu-tools-for-stm32.14.3.rel1.win32_1.0.100.202602081740/tools/bin/../lib/gcc/arm-none-eabi/14.3.1/thumb/v7e-m+fp/hard/crtn.o
OUTPUT(Debug/Demo.elf elf32-littlearm)
LOAD linker stubs
LOAD C:/ST/STM32CubeIDE_2.1.1/STM32CubeIDE/plugins/com.st.stm32cube.ide.mcu.externaltools.gnu-tools-for-stm32.14.3.rel1.win32_1.0.100.202602081740/tools/bin/../lib/gcc/arm-none-eabi/14.3.1/../../../../arm-none-eabi/lib/thumb/v7e-m+fp/hard\libc.a
LOAD C:/ST/STM32CubeIDE_2.1.1/STM32CubeIDE/plugins/com.st.stm32cube.ide.mcu.externaltools.gnu-tools-for-stm32.14.3.rel1.win32_1.0.100.202602081740/tools/bin/../lib/gcc/arm-none-eabi/14.3.1/../../../../arm-none-eabi/lib/thumb/v7e-m+fp/hard\libm.a
LOAD C:/ST/STM32CubeIDE_2.1.1/STM32CubeIDE/plugins/com.st.stm32cube.ide.mcu.externaltools.gnu-tools-for-stm32.14.3.rel1.win32_1.0.100.202602081740/tools/bin/../lib/gcc/arm-none-eabi/14.3.1/thumb/v7e-m+fp/hard\libgcc.a

.debug_info     0x00000000     0x6b6b
 .debug_info    0x00000000      0xff1 Debug/main.o
 .debug_info    0x00000ff1      0x168 Debug/sysmem.o
 .debug_info    0x00001159      0x85a Debug/stm32f4xx_hal.o
 .debug_info    0x000019b3      0xcf6 Debug/stm32f4xx_hal_cortex.o
 .debug_info    0x000026a9      0x6f9 Debug/stm32f4xx_hal_gpio.o
 .debug_info    0x00002da2      0x905 Debug/stm32f4xx_hal_rcc.o
 .debug_info    0x000036a7     0x2f56 Debug/stm32f4xx_hal_uart.o
 .debug_info    0x000065fd      0x53e Debug/system_stm32f4xx.o
 .debug_info    0x00006b3b       0x30 Debug/startup_stm32f401xe.o

.debug_abbrev   0x00000000     0x118e
 .debug_abbrev  0x00000000      0x28c Debug/main.o
 .debug_abbrev  0x0000028c       0xbc Debug/sysmem.o
 .debug_abbrev  0x00000348      0x247 Debug/stm32f4xx_hal.o
 .debug_abbrev  0x0000058f      0x31d Debug/stm32f4xx_hal_cortex.o
 .debug_abbrev  0x000008ac      0x1d3 Debug/stm32f4xx_hal_gpio.o
 .debug_abbrev  0x00000a7f      0x2b6 Debug/stm32f4xx_hal_rcc.o
 .debug_abbrev  0x00000d35      0x31b Debug/stm32f4xx_hal_uart.o
 .debug_abbrev  0x00001050      0x11a Debug/system_stm32f4xx.o
 .debug_abbrev  0x0000116a       0x24 Debug/startup_stm32f401xe.o

.debug_aranges  0x00000000      0x5c0
 .debug_aranges
                0x00000000       0x48 Debug/main.o
 .debug_aranges
                0x00000048       0x20 Debug/sysmem.o
 .debug_aranges
                0x00000068       0xf0 Debug/stm32f4xx_hal.o
 .debug_aranges
                0x00000158      0x130 Debug/stm32f4xx_hal_cortex.o
 .debug_aranges
                0x00000288       0x58 Debug/stm32f4xx_hal_gpio.o
 .debug_aranges
                0x000002e0       0x88 Debug/stm32f4xx_hal_rcc.o
 .debug_aranges
                0x00000368      0x208 Debug/stm32f4xx_hal_uart.o
 .debug_aranges
                0x00000570       0x28 Debug/system_stm32f4xx.o
 .debug_aranges
                0x00000598       0x28 Debug/startup_stm32f401xe.o

.debug_rnglists
                0x00000000      0x46c
 .debug_rnglists
                0x00000000       0x36 Debug/main.o
 .debug_rnglists
                0x00000036       0x13 Debug/sysmem.o
 .debug_rnglists
                0x00000049       0xaf Debug/stm32f4xx_hal.o
 .debug_rnglists
                0x000000f8       0xe0 Debug/stm32f4xx_hal_cortex.o
 .debug_rnglists
                0x000001d8       0x3f Debug/stm32f4xx_hal_gpio.o
 .debug_rnglists
                0x00000217       0x66 Debug/stm32f4xx_hal_rcc.o
 .debug_rnglists
                0x0000027d      0x1bc Debug/stm32f4xx_hal_uart.o
 .debug_rnglists
                0x00000439       0x1a Debug/system_stm32f4xx.o
 .debug_rnglists
                0x00000453       0x19 Debug/startup_stm32f401xe.o

.debug_macro    0x00000000    0x15739
 .debug_macro   0x00000000      0x2cd Debug/main.o
 .debug_macro   0x000002cd      0xad8 Debug/main.o
 .debug_macro   0x00000da5       0x7c Debug/main.o
 .debug_macro   0x00000e21       0x2e Debug/main.o
 .debug_macro   0x00000e4f       0x28 Debug/main.o
 .debug_macro   0x00000e77       0x22 Debug/main.o
 .debug_macro   0x00000e99       0x8e Debug/main.o
 .debug_macro   0x00000f27       0x51 Debug/main.o
 .debug_macro   0x00000f78      0x103 Debug/main.o
 .debug_macro   0x0000107b       0x6a Debug/main.o
 .debug_macro   0x000010e5      0x1df Debug/main.o
 .debug_macro   0x000012c4       0x1c Debug/main.o
 .debug_macro   0x000012e0       0x22 Debug/main.o
 .debug_macro   0x00001302       0xfb Debug/main.o
 .debug_macro   0x000013fd     0x1011 Debug/main.o
 .debug_macro   0x0000240e      0x11f Debug/main.o
 .debug_macro   0x0000252d     0xb881 Debug/main.o
 .debug_macro   0x0000ddae       0x6d Debug/main.o
 .debug_macro   0x0000de1b     0x3693 Debug/main.o
 .debug_macro   0x000114ae      0x190 Debug/main.o
 .debug_macro   0x0001163e       0x5c Debug/main.o
 .debug_macro   0x0001169a      0x416 Debug/main.o
 .debug_macro   0x00011ab0      0x9e9 Debug/main.o
 .debug_macro   0x00012499      0x115 Debug/main.o
 .debug_macro   0x000125ae       0xf8 Debug/main.o
 .debug_macro   0x000126a6       0xa5 Debug/main.o
 .debug_macro   0x0001274b      0x287 Debug/main.o
 .debug_macro   0x000129d2       0x5f Debug/main.o
 .debug_macro   0x00012a31      0x236 Debug/main.o
 .debug_macro   0x00012c67      0x132 Debug/main.o
 .debug_macro   0x00012d99      0x264 Debug/main.o
 .debug_macro   0x00012ffd       0x2e Debug/main.o
 .debug_macro   0x0001302b      0x127 Debug/main.o
 .debug_macro   0x00013152       0x85 Debug/main.o
 .debug_macro   0x000131d7       0x89 Debug/main.o
 .debug_macro   0x00013260      0x2aa Debug/main.o
 .debug_macro   0x0001350a      0x8ed Debug/main.o
 .debug_macro   0x00013df7       0x47 Debug/main.o
 .debug_macro   0x00013e3e      0x126 Debug/main.o
 .debug_macro   0x00013f64       0x61 Debug/main.o
 .debug_macro   0x00013fc5       0x2a Debug/main.o
 .debug_macro   0x00013fef       0x43 Debug/main.o
 .debug_macro   0x00014032       0x34 Debug/main.o
 .debug_macro   0x00014066      0x364 Debug/main.o
 .debug_macro   0x000143ca       0x16 Debug/main.o
 .debug_macro   0x000143e0       0x4a Debug/main.o
 .debug_macro   0x0001442a       0x34 Debug/main.o
 .debug_macro   0x0001445e       0x10 Debug/main.o
 .debug_macro   0x0001446e       0x58 Debug/main.o
 .debug_macro   0x000144c6       0x8e Debug/main.o
 .debug_macro   0x00014554       0x1c Debug/main.o
 .debug_macro   0x00014570      0x17e Debug/main.o
 .debug_macro   0x000146ee       0x10 Debug/main.o
 .debug_macro   0x000146fe       0x3c Debug/main.o
 .debug_macro   0x0001473a       0x20 Debug/main.o
 .debug_macro   0x0001475a       0x1c Debug/main.o
 .debug_macro   0x00014776       0x10 Debug/main.o
 .debug_macro   0x00014786       0x1c Debug/main.o
 .debug_macro   0x000147a2       0x16 Debug/main.o
 .debug_macro   0x000147b8      0x146 Debug/main.o
 .debug_macro   0x000148fe      0x112 Debug/sysmem.o
 .debug_macro   0x00014a10      0x23c Debug/sysmem.o
 .debug_macro   0x00014c4c      0x21b Debug/stm32f4xx_hal.o
 .debug_macro   0x00014e67      0x1bb Debug/stm32f4xx_hal_cortex.o
 .debug_macro   0x00015022      0x1c1 Debug/stm32f4xx_hal_gpio.o
 .debug_macro   0x000151e3      0x1df Debug/stm32f4xx_hal_rcc.o
 .debug_macro   0x000153c2      0x1bc Debug/stm32f4xx_hal_uart.o
 .debug_macro   0x0001557e      0x1bb Debug/system_stm32f4xx.o

.debug_line     0x00000000     0x6feb
 .debug_line    0x00000000      0xc4c Debug/main.o
 .debug_line    0x00000c4c      0x585 Debug/sysmem.o
 .debug_line    0x000011d1      0xa21 Debug/stm32f4xx_hal.o
 .debug_line    0x00001bf2      0xcef Debug/stm32f4xx_hal_cortex.o
 .debug_line    0x000028e1      0xb38 Debug/stm32f4xx_hal_gpio.o
 .debug_line    0x00003419      0xe2e Debug/stm32f4xx_hal_rcc.o
 .debug_line    0x00004247     0x2567 Debug/stm32f4xx_hal_uart.o
 .debug_line    0x000067ae      0x7c3 Debug/system_stm32f4xx.o
 .debug_line    0x00006f71       0x7a Debug/startup_stm32f401xe.o

.debug_str      0x00000000    0x8ad6c
 .debug_str     0x00000000    0x8ad6c Debug/main.o
                              0x892b3 (size before relaxing)
 .debug_str     0x0008ad6c     0x76d3 Debug/sysmem.o
 .debug_str     0x0008ad6c    0x85d38 Debug/stm32f4xx_hal.o
 .debug_str     0x0008ad6c    0x85aca Debug/stm32f4xx_hal_cortex.o
 .debug_str     0x0008ad6c    0x854b9 Debug/stm32f4xx_hal_gpio.o
 .debug_str     0x0008ad6c    0x85772 Debug/stm32f4xx_hal_rcc.o
 .debug_str     0x0008ad6c    0x85d41 Debug/stm32f4xx_hal_uart.o
 .debug_str     0x0008ad6c    0x8535e Debug/system_stm32f4xx.o
 .debug_str     0x0008ad6c       0x9b Debug/startup_stm32f401xe.o

.comment        0x00000000       0x43
 .comment       0x00000000       0x43 Debug/main.o
                                 0x44 (size before relaxing)
 .comment       0x00000043       0x44 Debug/sysmem.o
 .comment       0x00000043       0x44 Debug/stm32f4xx_hal.o
 .comment       0x00000043       0x44 Debug/stm32f4xx_hal_cortex.o
 .comment       0x00000043       0x44 Debug/stm32f4xx_hal_gpio.o
 .comment       0x00000043       0x44 Debug/stm32f4xx_hal_rcc.o
 .comment       0x00000043       0x44 Debug/stm32f4xx_hal_uart.o
 .comment       0x00000043       0x44 Debug/system_stm32f4xx.o

.debug_frame    0x00000000     0x1bc0
 .debug_frame   0x00000000       0xe8 Debug/main.o
 .debug_frame   0x000000e8       0x34 Debug/sysmem.o
 .debug_frame   0x0000011c      0x31c Debug/stm32f4xx_hal.o
 .debug_frame   0x00000438      0x4b8 Debug/stm32f4xx_hal_cortex.o
 .debug_frame   0x000008f0      0x130 Debug/stm32f4xx_hal_gpio.o
 .debug_frame   0x00000a20      0x1d8 Debug/stm32f4xx_hal_rcc.o
 .debug_frame   0x00000bf8      0x8ec Debug/stm32f4xx_hal_uart.o
 .debug_frame   0x000014e4       0x50 Debug/system_stm32f4xx.o
 .debug_frame   0x00001534       0x2c C:/ST/STM32CubeIDE_2.1.1/STM32CubeIDE/plugins/com.st.stm32cube.ide.mcu.externaltools.gnu-tools-for-stm32.14.3.rel1.win32_1.0.100.202602081740/tools/bin/../lib/gcc/arm-none-eabi/14.3.1/thumb/v7e-m+fp/hard\libgcc.a(_aeabi_uldivmod.o)
 .debug_frame   0x00001560       0x34 C:/ST/STM32CubeIDE_2.1.1/STM32CubeIDE/plugins/com.st.stm32cube.ide.mcu.externaltools.gnu-tools-for-stm32.14.3.rel1.win32_1.0.100.202602081740/tools/bin/../lib/gcc/arm-none-eabi/14.3.1/thumb/v7e-m+fp/hard\libgcc.a(_udivmoddi4.o)
 .debug_frame   0x00001594      0x144 C:/ST/STM32CubeIDE_2.1.1/STM32CubeIDE/plugins/com.st.stm32cube.ide.mcu.externaltools.gnu-tools-for-stm32.14.3.rel1.win32_1.0.100.202602081740/tools/bin/../lib/gcc/arm-none-eabi/14.3.1/../../../../arm-none-eabi/lib/thumb/v7e-m+fp/hard\libc_nano.a(libc_a-findfp.o)
 .debug_frame   0x000016d8       0x7c C:/ST/STM32CubeIDE_2.1.1/STM32CubeIDE/plugins/com.st.stm32cube.ide.mcu.externaltools.gnu-tools-for-stm32.14.3.rel1.win32_1.0.100.202602081740/tools/bin/../lib/gcc/arm-none-eabi/14.3.1/../../../../arm-none-eabi/lib/thumb/v7e-m+fp/hard\libc_nano.a(libc_a-snprintf.o)
 .debug_frame   0x00001754       0x20 C:/ST/STM32CubeIDE_2.1.1/STM32CubeIDE/plugins/com.st.stm32cube.ide.mcu.externaltools.gnu-tools-for-stm32.14.3.rel1.win32_1.0.100.202602081740/tools/bin/../lib/gcc/arm-none-eabi/14.3.1/../../../../arm-none-eabi/lib/thumb/v7e-m+fp/hard\libc_nano.a(libc_a-memset.o)
 .debug_frame   0x00001774       0x2c C:/ST/STM32CubeIDE_2.1.1/STM32CubeIDE/plugins/com.st.stm32cube.ide.mcu.externaltools.gnu-tools-for-stm32.14.3.rel1.win32_1.0.100.202602081740/tools/bin/../lib/gcc/arm-none-eabi/14.3.1/../../../../arm-none-eabi/lib/thumb/v7e-m+fp/hard\libc_nano.a(libc_a-strstr.o)
 .debug_frame   0x000017a0       0x38 C:/ST/STM32CubeIDE_2.1.1/STM32CubeIDE/plugins/com.st.stm32cube.ide.mcu.externaltools.gnu-tools-for-stm32.14.3.rel1.win32_1.0.100.202602081740/tools/bin/../lib/gcc/arm-none-eabi/14.3.1/../../../../arm-none-eabi/lib/thumb/v7e-m+fp/hard\libc_nano.a(libc_a-reent.o)
 .debug_frame   0x000017d8       0x20 C:/ST/STM32CubeIDE_2.1.1/STM32CubeIDE/plugins/com.st.stm32cube.ide.mcu.externaltools.gnu-tools-for-stm32.14.3.rel1.win32_1.0.100.202602081740/tools/bin/../lib/gcc/arm-none-eabi/14.3.1/../../../../arm-none-eabi/lib/thumb/v7e-m+fp/hard\libc_nano.a(libc_a-errno.o)
 .debug_frame   0x000017f8       0x2c C:/ST/STM32CubeIDE_2.1.1/STM32CubeIDE/plugins/com.st.stm32cube.ide.mcu.externaltools.gnu-tools-for-stm32.14.3.rel1.win32_1.0.100.202602081740/tools/bin/../lib/gcc/arm-none-eabi/14.3.1/../../../../arm-none-eabi/lib/thumb/v7e-m+fp/hard\libc_nano.a(libc_a-init.o)
 .debug_frame   0x00001824       0xb0 C:/ST/STM32CubeIDE_2.1.1/STM32CubeIDE/plugins/com.st.stm32cube.ide.mcu.externaltools.gnu-tools-for-stm32.14.3.rel1.win32_1.0.100.202602081740/tools/bin/../lib/gcc/arm-none-eabi/14.3.1/../../../../arm-none-eabi/lib/thumb/v7e-m+fp/hard\libc_nano.a(libc_a-lock.o)
 .debug_frame   0x000018d4       0x20 C:/ST/STM32CubeIDE_2.1.1/STM32CubeIDE/plugins/com.st.stm32cube.ide.mcu.externaltools.gnu-tools-for-stm32.14.3.rel1.win32_1.0.100.202602081740/tools/bin/../lib/gcc/arm-none-eabi/14.3.1/../../../../arm-none-eabi/lib/thumb/v7e-m+fp/hard\libc_nano.a(libc_a-strlen.o)
 .debug_frame   0x000018f4       0x38 C:/ST/STM32CubeIDE_2.1.1/STM32CubeIDE/plugins/com.st.stm32cube.ide.mcu.externaltools.gnu-tools-for-stm32.14.3.rel1.win32_1.0.100.202602081740/tools/bin/../lib/gcc/arm-none-eabi/14.3.1/../../../../arm-none-eabi/lib/thumb/v7e-m+fp/hard\libc_nano.a(libc_a-freer.o)
 .debug_frame   0x0000192c       0x50 C:/ST/STM32CubeIDE_2.1.1/STM32CubeIDE/plugins/com.st.stm32cube.ide.mcu.externaltools.gnu-tools-for-stm32.14.3.rel1.win32_1.0.100.202602081740/tools/bin/../lib/gcc/arm-none-eabi/14.3.1/../../../../arm-none-eabi/lib/thumb/v7e-m+fp/hard\libc_nano.a(libc_a-mallocr.o)
 .debug_frame   0x0000197c       0x30 C:/ST/STM32CubeIDE_2.1.1/STM32CubeIDE/plugins/com.st.stm32cube.ide.mcu.externaltools.gnu-tools-for-stm32.14.3.rel1.win32_1.0.100.202602081740/tools/bin/../lib/gcc/arm-none-eabi/14.3.1/../../../../arm-none-eabi/lib/thumb/v7e-m+fp/hard\libc_nano.a(libc_a-mlock.o)
 .debug_frame   0x000019ac       0x90 C:/ST/STM32CubeIDE_2.1.1/STM32CubeIDE/plugins/com.st.stm32cube.ide.mcu.externaltools.gnu-tools-for-stm32.14.3.rel1.win32_1.0.100.202602081740/tools/bin/../lib/gcc/arm-none-eabi/14.3.1/../../../../arm-none-eabi/lib/thumb/v7e-m+fp/hard\libc_nano.a(libc_a-nano-svfprintf.o)
 .debug_frame   0x00001a3c       0x60 C:/ST/STM32CubeIDE_2.1.1/STM32CubeIDE/plugins/com.st.stm32cube.ide.mcu.externaltools.gnu-tools-for-stm32.14.3.rel1.win32_1.0.100.202602081740/tools/bin/../lib/gcc/arm-none-eabi/14.3.1/../../../../arm-none-eabi/lib/thumb/v7e-m+fp/hard\libc_nano.a(libc_a-nano-vfprintf_i.o)
 .debug_frame   0x00001a9c       0x28 C:/ST/STM32CubeIDE_2.1.1/STM32CubeIDE/plugins/com.st.stm32cube.ide.mcu.externaltools.gnu-tools-for-stm32.14.3.rel1.win32_1.0.100.202602081740/tools/bin/../lib/gcc/arm-none-eabi/14.3.1/../../../../arm-none-eabi/lib/thumb/v7e-m+fp/hard\libc_nano.a(libc_a-memmove.o)
 .debug_frame   0x00001ac4       0x2c C:/ST/STM32CubeIDE_2.1.1/STM32CubeIDE/plugins/com.st.stm32cube.ide.mcu.externaltools.gnu-tools-for-stm32.14.3.rel1.win32_1.0.100.202602081740/tools/bin/../lib/gcc/arm-none-eabi/14.3.1/../../../../arm-none-eabi/lib/thumb/v7e-m+fp/hard\libc_nano.a(libc_a-sbrkr.o)
 .debug_frame   0x00001af0       0x4c C:/ST/STM32CubeIDE_2.1.1/STM32CubeIDE/plugins/com.st.stm32cube.ide.mcu.externaltools.gnu-tools-for-stm32.14.3.rel1.win32_1.0.100.202602081740/tools/bin/../lib/gcc/arm-none-eabi/14.3.1/../../../../arm-none-eabi/lib/thumb/v7e-m+fp/hard\libc_nano.a(libc_a-memchr.o)
 .debug_frame   0x00001b3c       0x28 C:/ST/STM32CubeIDE_2.1.1/STM32CubeIDE/plugins/com.st.stm32cube.ide.mcu.externaltools.gnu-tools-for-stm32.14.3.rel1.win32_1.0.100.202602081740/tools/bin/../lib/gcc/arm-none-eabi/14.3.1/../../../../arm-none-eabi/lib/thumb/v7e-m+fp/hard\libc_nano.a(libc_a-memcpy-stub.o)
 .debug_frame   0x00001b64       0x3c C:/ST/STM32CubeIDE_2.1.1/STM32CubeIDE/plugins/com.st.stm32cube.ide.mcu.externaltools.gnu-tools-for-stm32.14.3.rel1.win32_1.0.100.202602081740/tools/bin/../lib/gcc/arm-none-eabi/14.3.1/../../../../arm-none-eabi/lib/thumb/v7e-m+fp/hard\libc_nano.a(libc_a-reallocr.o)
 .debug_frame   0x00001ba0       0x20 C:/ST/STM32CubeIDE_2.1.1/STM32CubeIDE/plugins/com.st.stm32cube.ide.mcu.externaltools.gnu-tools-for-stm32.14.3.rel1.win32_1.0.100.202602081740/tools/bin/../lib/gcc/arm-none-eabi/14.3.1/../../../../arm-none-eabi/lib/thumb/v7e-m+fp/hard\libc_nano.a(libc_a-msizer.o)

.debug_line_str
                0x00000000       0x7f
 .debug_line_str
                0x00000000       0x7f Debug/startup_stm32f401xe.o

Cross Reference Table

Symbol                                            File
ADC_IRQHandler                                    Debug/startup_stm32f401xe.o
AHBPrescTable                                     Debug/system_stm32f4xx.o
                                                  Debug/stm32f4xx_hal_rcc.o
APBPrescTable                                     Debug/system_stm32f4xx.o
                                                  Debug/stm32f4xx_hal_rcc.o
BusFault_Handler                                  Debug/startup_stm32f401xe.o
DMA1_Stream0_IRQHandler                           Debug/startup_stm32f401xe.o
DMA1_Stream1_IRQHandler                           Debug/startup_stm32f401xe.o
DMA1_Stream2_IRQHandler                           Debug/startup_stm32f401xe.o
DMA1_Stream3_IRQHandler                           Debug/startup_stm32f401xe.o
DMA1_Stream4_IRQHandler                           Debug/startup_stm32f401xe.o
DMA1_Stream5_IRQHandler                           Debug/startup_stm32f401xe.o
DMA1_Stream6_IRQHandler                           Debug/startup_stm32f401xe.o
DMA1_Stream7_IRQHandler                           Debug/startup_stm32f401xe.o
DMA2_Stream0_IRQHandler                           Debug/startup_stm32f401xe.o
DMA2_Stream1_IRQHandler                           Debug/startup_stm32f401xe.o
DMA2_Stream2_IRQHandler                           Debug/startup_stm32f401xe.o
DMA2_Stream3_IRQHandler                           Debug/startup_stm32f401xe.o
DMA2_Stream4_IRQHandler                           Debug/startup_stm32f401xe.o
DMA2_Stream5_IRQHandler                           Debug/startup_stm32f401xe.o
DMA2_Stream6_IRQHandler                           Debug/startup_stm32f401xe.o
DMA2_Stream7_IRQHandler                           Debug/startup_stm32f401xe.o
DebugMon_Handler                                  Debug/startup_stm32f401xe.o
Default_Handler                                   Debug/startup_stm32f401xe.o
EXTI0_IRQHandler                                  Debug/startup_stm32f401xe.o
EXTI15_10_IRQHandler                              Debug/startup_stm32f401xe.o
EXTI1_IRQHandler                                  Debug/startup_stm32f401xe.o
EXTI2_IRQHandler                                  Debug/startup_stm32f401xe.o
EXTI3_IRQHandler                                  Debug/startup_stm32f401xe.o
EXTI4_IRQHandler                                  Debug/startup_stm32f401xe.o
EXTI9_5_IRQHandler                                Debug/startup_stm32f401xe.o
FLASH_Erase_Sector                                Debug/stm32f4xx_hal_flash_ex.o
                                                  Debug/stm32f4xx_hal_flash.o
FLASH_FlushCaches                                 Debug/stm32f4xx_hal_flash_ex.o
                                                  Debug/stm32f4xx_hal_flash.o
FLASH_IRQHandler                                  Debug/startup_stm32f401xe.o
FLASH_WaitForLastOperation                        Debug/stm32f4xx_hal_flash.o
                                                  Debug/stm32f4xx_hal_flash_ex.o
FPU_IRQHandler                                    Debug/startup_stm32f401xe.o
Generate_Dummy_Binary_Data                        Debug/main.o
HAL_CORTEX_ClearEvent                             Debug/stm32f4xx_hal_cortex.o
HAL_DBGMCU_DisableDBGSleepMode                    Debug/stm32f4xx_hal.o
HAL_DBGMCU_DisableDBGStandbyMode                  Debug/stm32f4xx_hal.o
HAL_DBGMCU_DisableDBGStopMode                     Debug/stm32f4xx_hal.o
HAL_DBGMCU_EnableDBGSleepMode                     Debug/stm32f4xx_hal.o
HAL_DBGMCU_EnableDBGStandbyMode                   Debug/stm32f4xx_hal.o
HAL_DBGMCU_EnableDBGStopMode                      Debug/stm32f4xx_hal.o
HAL_DMAEx_ChangeMemory                            Debug/stm32f4xx_hal_dma_ex.o
HAL_DMAEx_MultiBufferStart                        Debug/stm32f4xx_hal_dma_ex.o
HAL_DMAEx_MultiBufferStart_IT                     Debug/stm32f4xx_hal_dma_ex.o
HAL_DMA_Abort                                     Debug/stm32f4xx_hal_dma.o
                                                  Debug/stm32f4xx_hal_uart.o
HAL_DMA_Abort_IT                                  Debug/stm32f4xx_hal_dma.o
                                                  Debug/stm32f4xx_hal_uart.o
HAL_DMA_DeInit                                    Debug/stm32f4xx_hal_dma.o
HAL_DMA_GetError                                  Debug/stm32f4xx_hal_dma.o
                                                  Debug/stm32f4xx_hal_uart.o
HAL_DMA_GetState                                  Debug/stm32f4xx_hal_dma.o
HAL_DMA_IRQHandler                                Debug/stm32f4xx_hal_dma.o
HAL_DMA_Init                                      Debug/stm32f4xx_hal_dma.o
HAL_DMA_PollForTransfer                           Debug/stm32f4xx_hal_dma.o
HAL_DMA_RegisterCallback                          Debug/stm32f4xx_hal_dma.o
HAL_DMA_Start                                     Debug/stm32f4xx_hal_dma.o
HAL_DMA_Start_IT                                  Debug/stm32f4xx_hal_dma.o
                                                  Debug/stm32f4xx_hal_uart.o
HAL_DMA_UnRegisterCallback                        Debug/stm32f4xx_hal_dma.o
HAL_DeInit                                        Debug/stm32f4xx_hal.o
HAL_Delay                                         Debug/stm32f4xx_hal.o
                                                  Debug/main.o
HAL_DisableCompensationCell                       Debug/stm32f4xx_hal.o
HAL_EnableCompensationCell                        Debug/stm32f4xx_hal.o
HAL_FLASHEx_AdvOBGetConfig                        Debug/stm32f4xx_hal_flash_ex.o
HAL_FLASHEx_AdvOBProgram                          Debug/stm32f4xx_hal_flash_ex.o
HAL_FLASHEx_Erase                                 Debug/stm32f4xx_hal_flash_ex.o
HAL_FLASHEx_Erase_IT                              Debug/stm32f4xx_hal_flash_ex.o
HAL_FLASHEx_OBGetConfig                           Debug/stm32f4xx_hal_flash_ex.o
HAL_FLASHEx_OBProgram                             Debug/stm32f4xx_hal_flash_ex.o
HAL_FLASHEx_OB_DeSelectPCROP                      Debug/stm32f4xx_hal_flash_ex.o
HAL_FLASHEx_OB_SelectPCROP                        Debug/stm32f4xx_hal_flash_ex.o
HAL_FLASH_EndOfOperationCallback                  Debug/stm32f4xx_hal_flash.o
HAL_FLASH_GetError                                Debug/stm32f4xx_hal_flash.o
HAL_FLASH_IRQHandler                              Debug/stm32f4xx_hal_flash.o
HAL_FLASH_Lock                                    Debug/stm32f4xx_hal_flash.o
HAL_FLASH_OB_Launch                               Debug/stm32f4xx_hal_flash.o
HAL_FLASH_OB_Lock                                 Debug/stm32f4xx_hal_flash.o
HAL_FLASH_OB_Unlock                               Debug/stm32f4xx_hal_flash.o
HAL_FLASH_OperationErrorCallback                  Debug/stm32f4xx_hal_flash.o
HAL_FLASH_Program                                 Debug/stm32f4xx_hal_flash.o
HAL_FLASH_Program_IT                              Debug/stm32f4xx_hal_flash.o
HAL_FLASH_Unlock                                  Debug/stm32f4xx_hal_flash.o
HAL_GPIO_DeInit                                   Debug/stm32f4xx_hal_gpio.o
HAL_GPIO_EXTI_Callback                            Debug/stm32f4xx_hal_gpio.o
HAL_GPIO_EXTI_IRQHandler                          Debug/stm32f4xx_hal_gpio.o
HAL_GPIO_Init                                     Debug/stm32f4xx_hal_gpio.o
                                                  Debug/stm32f4xx_hal_rcc.o
                                                  Debug/main.o
HAL_GPIO_LockPin                                  Debug/stm32f4xx_hal_gpio.o
HAL_GPIO_ReadPin                                  Debug/stm32f4xx_hal_gpio.o
HAL_GPIO_TogglePin                                Debug/stm32f4xx_hal_gpio.o
HAL_GPIO_WritePin                                 Debug/stm32f4xx_hal_gpio.o
HAL_GetDEVID                                      Debug/stm32f4xx_hal.o
HAL_GetHalVersion                                 Debug/stm32f4xx_hal.o
HAL_GetREVID                                      Debug/stm32f4xx_hal.o
HAL_GetTick                                       Debug/stm32f4xx_hal.o
                                                  Debug/stm32f4xx_hal_uart.o
                                                  Debug/stm32f4xx_hal_rcc_ex.o
                                                  Debug/stm32f4xx_hal_rcc.o
                                                  Debug/stm32f4xx_hal_pwr_ex.o
                                                  Debug/stm32f4xx_hal_flash.o
                                                  Debug/stm32f4xx_hal_dma.o
                                                  Debug/main.o
HAL_GetTickFreq                                   Debug/stm32f4xx_hal.o
HAL_GetTickPrio                                   Debug/stm32f4xx_hal.o
HAL_GetUIDw0                                      Debug/stm32f4xx_hal.o
HAL_GetUIDw1                                      Debug/stm32f4xx_hal.o
HAL_GetUIDw2                                      Debug/stm32f4xx_hal.o
HAL_HalfDuplex_EnableReceiver                     Debug/stm32f4xx_hal_uart.o
HAL_HalfDuplex_EnableTransmitter                  Debug/stm32f4xx_hal_uart.o
HAL_HalfDuplex_Init                               Debug/stm32f4xx_hal_uart.o
HAL_IncTick                                       Debug/stm32f4xx_hal.o
HAL_Init                                          Debug/stm32f4xx_hal.o
                                                  Debug/main.o
HAL_InitTick                                      Debug/stm32f4xx_hal.o
                                                  Debug/stm32f4xx_hal_rcc_ex.o
                                                  Debug/stm32f4xx_hal_rcc.o
HAL_LIN_Init                                      Debug/stm32f4xx_hal_uart.o
HAL_LIN_SendBreak                                 Debug/stm32f4xx_hal_uart.o
HAL_MPU_ConfigRegion                              Debug/stm32f4xx_hal_cortex.o
HAL_MPU_Disable                                   Debug/stm32f4xx_hal_cortex.o
HAL_MPU_DisableRegion                             Debug/stm32f4xx_hal_cortex.o
HAL_MPU_Enable                                    Debug/stm32f4xx_hal_cortex.o
HAL_MPU_EnableRegion                              Debug/stm32f4xx_hal_cortex.o
HAL_MspDeInit                                     Debug/stm32f4xx_hal.o
HAL_MspInit                                       Debug/stm32f4xx_hal.o
HAL_MultiProcessor_EnterMuteMode                  Debug/stm32f4xx_hal_uart.o
HAL_MultiProcessor_ExitMuteMode                   Debug/stm32f4xx_hal_uart.o
HAL_MultiProcessor_Init                           Debug/stm32f4xx_hal_uart.o
HAL_NVIC_ClearPendingIRQ                          Debug/stm32f4xx_hal_cortex.o
HAL_NVIC_DisableIRQ                               Debug/stm32f4xx_hal_cortex.o
HAL_NVIC_EnableIRQ                                Debug/stm32f4xx_hal_cortex.o
HAL_NVIC_GetActive                                Debug/stm32f4xx_hal_cortex.o
HAL_NVIC_GetPendingIRQ                            Debug/stm32f4xx_hal_cortex.o
HAL_NVIC_GetPriority                              Debug/stm32f4xx_hal_cortex.o
HAL_NVIC_GetPriorityGrouping                      Debug/stm32f4xx_hal_cortex.o
HAL_NVIC_SetPendingIRQ                            Debug/stm32f4xx_hal_cortex.o
HAL_NVIC_SetPriority                              Debug/stm32f4xx_hal_cortex.o
                                                  Debug/stm32f4xx_hal.o
HAL_NVIC_SetPriorityGrouping                      Debug/stm32f4xx_hal_cortex.o
                                                  Debug/stm32f4xx_hal.o
HAL_NVIC_SystemReset                              Debug/stm32f4xx_hal_cortex.o
HAL_PWREx_ControlVoltageScaling                   Debug/stm32f4xx_hal_pwr_ex.o
HAL_PWREx_DisableBkUpReg                          Debug/stm32f4xx_hal_pwr_ex.o
HAL_PWREx_DisableFlashPowerDown                   Debug/stm32f4xx_hal_pwr_ex.o
HAL_PWREx_DisableLowRegulatorLowVoltage           Debug/stm32f4xx_hal_pwr_ex.o
HAL_PWREx_DisableMainRegulatorLowVoltage          Debug/stm32f4xx_hal_pwr_ex.o
HAL_PWREx_EnableBkUpReg                           Debug/stm32f4xx_hal_pwr_ex.o
HAL_PWREx_EnableFlashPowerDown                    Debug/stm32f4xx_hal_pwr_ex.o
HAL_PWREx_EnableLowRegulatorLowVoltage            Debug/stm32f4xx_hal_pwr_ex.o
HAL_PWREx_EnableMainRegulatorLowVoltage           Debug/stm32f4xx_hal_pwr_ex.o
HAL_PWREx_GetVoltageRange                         Debug/stm32f4xx_hal_pwr_ex.o
HAL_PWR_ConfigPVD                                 Debug/stm32f4xx_hal_pwr.o
HAL_PWR_DeInit                                    Debug/stm32f4xx_hal_pwr.o
HAL_PWR_DisableBkUpAccess                         Debug/stm32f4xx_hal_pwr.o
HAL_PWR_DisablePVD                                Debug/stm32f4xx_hal_pwr.o
HAL_PWR_DisableSEVOnPend                          Debug/stm32f4xx_hal_pwr.o
HAL_PWR_DisableSleepOnExit                        Debug/stm32f4xx_hal_pwr.o
HAL_PWR_DisableWakeUpPin                          Debug/stm32f4xx_hal_pwr.o
HAL_PWR_EnableBkUpAccess                          Debug/stm32f4xx_hal_pwr.o
HAL_PWR_EnablePVD                                 Debug/stm32f4xx_hal_pwr.o
HAL_PWR_EnableSEVOnPend                           Debug/stm32f4xx_hal_pwr.o
HAL_PWR_EnableSleepOnExit                         Debug/stm32f4xx_hal_pwr.o
HAL_PWR_EnableWakeUpPin                           Debug/stm32f4xx_hal_pwr.o
HAL_PWR_EnterSLEEPMode                            Debug/stm32f4xx_hal_pwr.o
HAL_PWR_EnterSTANDBYMode                          Debug/stm32f4xx_hal_pwr.o
HAL_PWR_EnterSTOPMode                             Debug/stm32f4xx_hal_pwr.o
HAL_PWR_PVDCallback                               Debug/stm32f4xx_hal_pwr.o
HAL_PWR_PVD_IRQHandler                            Debug/stm32f4xx_hal_pwr.o
HAL_RCCEx_DisablePLLI2S                           Debug/stm32f4xx_hal_rcc_ex.o
HAL_RCCEx_EnablePLLI2S                            Debug/stm32f4xx_hal_rcc_ex.o
HAL_RCCEx_GetPeriphCLKConfig                      Debug/stm32f4xx_hal_rcc_ex.o
HAL_RCCEx_GetPeriphCLKFreq                        Debug/stm32f4xx_hal_rcc_ex.o
HAL_RCCEx_PeriphCLKConfig                         Debug/stm32f4xx_hal_rcc_ex.o
HAL_RCC_CSSCallback                               Debug/stm32f4xx_hal_rcc.o
HAL_RCC_ClockConfig                               Debug/stm32f4xx_hal_rcc.o
                                                  Debug/main.o
HAL_RCC_DeInit                                    Debug/stm32f4xx_hal_rcc_ex.o
                                                  Debug/stm32f4xx_hal_rcc.o
HAL_RCC_DisableCSS                                Debug/stm32f4xx_hal_rcc.o
HAL_RCC_EnableCSS                                 Debug/stm32f4xx_hal_rcc.o
HAL_RCC_GetClockConfig                            Debug/stm32f4xx_hal_rcc.o
HAL_RCC_GetHCLKFreq                               Debug/stm32f4xx_hal_rcc.o
HAL_RCC_GetOscConfig                              Debug/stm32f4xx_hal_rcc.o
HAL_RCC_GetPCLK1Freq                              Debug/stm32f4xx_hal_rcc.o
                                                  Debug/stm32f4xx_hal_uart.o
HAL_RCC_GetPCLK2Freq                              Debug/stm32f4xx_hal_rcc.o
                                                  Debug/stm32f4xx_hal_uart.o
HAL_RCC_GetSysClockFreq                           Debug/stm32f4xx_hal_rcc.o
HAL_RCC_MCOConfig                                 Debug/stm32f4xx_hal_rcc.o
HAL_RCC_NMI_IRQHandler                            Debug/stm32f4xx_hal_rcc.o
HAL_RCC_OscConfig                                 Debug/stm32f4xx_hal_rcc.o
                                                  Debug/main.o
HAL_ResumeTick                                    Debug/stm32f4xx_hal.o
HAL_SYSTICK_CLKSourceConfig                       Debug/stm32f4xx_hal_cortex.o
HAL_SYSTICK_Callback                              Debug/stm32f4xx_hal_cortex.o
HAL_SYSTICK_Config                                Debug/stm32f4xx_hal_cortex.o
                                                  Debug/stm32f4xx_hal.o
HAL_SYSTICK_IRQHandler                            Debug/stm32f4xx_hal_cortex.o
HAL_SetTickFreq                                   Debug/stm32f4xx_hal.o
HAL_SuspendTick                                   Debug/stm32f4xx_hal.o
HAL_UARTEx_GetRxEventType                         Debug/stm32f4xx_hal_uart.o
HAL_UARTEx_ReceiveToIdle                          Debug/stm32f4xx_hal_uart.o
HAL_UARTEx_ReceiveToIdle_DMA                      Debug/stm32f4xx_hal_uart.o
HAL_UARTEx_ReceiveToIdle_IT                       Debug/stm32f4xx_hal_uart.o
HAL_UARTEx_RxEventCallback                        Debug/stm32f4xx_hal_uart.o
HAL_UART_Abort                                    Debug/stm32f4xx_hal_uart.o
HAL_UART_AbortCpltCallback                        Debug/stm32f4xx_hal_uart.o
HAL_UART_AbortReceive                             Debug/stm32f4xx_hal_uart.o
HAL_UART_AbortReceiveCpltCallback                 Debug/stm32f4xx_hal_uart.o
HAL_UART_AbortReceive_IT                          Debug/stm32f4xx_hal_uart.o
HAL_UART_AbortTransmit                            Debug/stm32f4xx_hal_uart.o
HAL_UART_AbortTransmitCpltCallback                Debug/stm32f4xx_hal_uart.o
HAL_UART_AbortTransmit_IT                         Debug/stm32f4xx_hal_uart.o
HAL_UART_Abort_IT                                 Debug/stm32f4xx_hal_uart.o
HAL_UART_DMAPause                                 Debug/stm32f4xx_hal_uart.o
HAL_UART_DMAResume                                Debug/stm32f4xx_hal_uart.o
HAL_UART_DMAStop                                  Debug/stm32f4xx_hal_uart.o
HAL_UART_DeInit                                   Debug/stm32f4xx_hal_uart.o
HAL_UART_ErrorCallback                            Debug/stm32f4xx_hal_uart.o
HAL_UART_GetError                                 Debug/stm32f4xx_hal_uart.o
HAL_UART_GetState                                 Debug/stm32f4xx_hal_uart.o
HAL_UART_IRQHandler                               Debug/stm32f4xx_hal_uart.o
HAL_UART_Init                                     Debug/stm32f4xx_hal_uart.o
                                                  Debug/main.o
HAL_UART_MspDeInit                                Debug/stm32f4xx_hal_uart.o
HAL_UART_MspInit                                  Debug/stm32f4xx_hal_uart.o
HAL_UART_Receive                                  Debug/stm32f4xx_hal_uart.o
                                                  Debug/main.o
HAL_UART_Receive_DMA                              Debug/stm32f4xx_hal_uart.o
HAL_UART_Receive_IT                               Debug/stm32f4xx_hal_uart.o
HAL_UART_RxCpltCallback                           Debug/stm32f4xx_hal_uart.o
HAL_UART_RxHalfCpltCallback                       Debug/stm32f4xx_hal_uart.o
HAL_UART_Transmit                                 Debug/stm32f4xx_hal_uart.o
                                                  Debug/main.o
HAL_UART_Transmit_DMA                             Debug/stm32f4xx_hal_uart.o
HAL_UART_Transmit_IT                              Debug/stm32f4xx_hal_uart.o
HAL_UART_TxCpltCallback                           Debug/stm32f4xx_hal_uart.o
HAL_UART_TxHalfCpltCallback                       Debug/stm32f4xx_hal_uart.o
HardFault_Handler                                 Debug/startup_stm32f401xe.o
I2C1_ER_IRQHandler                                Debug/startup_stm32f401xe.o
I2C1_EV_IRQHandler                                Debug/startup_stm32f401xe.o
I2C2_ER_IRQHandler                                Debug/startup_stm32f401xe.o
I2C2_EV_IRQHandler                                Debug/startup_stm32f401xe.o
I2C3_ER_IRQHandler                                Debug/startup_stm32f401xe.o
I2C3_EV_IRQHandler                                Debug/startup_stm32f401xe.o
MemManage_Handler                                 Debug/startup_stm32f401xe.o
NMI_Handler                                       Debug/startup_stm32f401xe.o
OTG_FS_IRQHandler                                 Debug/startup_stm32f401xe.o
OTG_FS_WKUP_IRQHandler                            Debug/startup_stm32f401xe.o
PVD_IRQHandler                                    Debug/startup_stm32f401xe.o
PendSV_Handler                                    Debug/startup_stm32f401xe.o
RCC_IRQHandler                                    Debug/startup_stm32f401xe.o
RTC_Alarm_IRQHandler                              Debug/startup_stm32f401xe.o
RTC_WKUP_IRQHandler                               Debug/startup_stm32f401xe.o
Reset_Handler                                     Debug/startup_stm32f401xe.o
SDIO_IRQHandler                                   Debug/startup_stm32f401xe.o
SPI1_IRQHandler                                   Debug/startup_stm32f401xe.o
SPI2_IRQHandler                                   Debug/startup_stm32f401xe.o
SPI3_IRQHandler                                   Debug/startup_stm32f401xe.o
SPI4_IRQHandler                                   Debug/startup_stm32f401xe.o
SVC_Handler                                       Debug/startup_stm32f401xe.o
SysTick_Handler                                   Debug/startup_stm32f401xe.o
SystemClock_Config                                Debug/main.o
SystemCoreClock                                   Debug/system_stm32f4xx.o
                                                  Debug/stm32f4xx_hal_rcc_ex.o
                                                  Debug/stm32f4xx_hal_rcc.o
                                                  Debug/stm32f4xx_hal_dma.o
                                                  Debug/stm32f4xx_hal.o
SystemCoreClockUpdate                             Debug/system_stm32f4xx.o
SystemInit                                        Debug/system_stm32f4xx.o
                                                  Debug/startup_stm32f401xe.o
TAMP_STAMP_IRQHandler                             Debug/startup_stm32f401xe.o
TIM1_BRK_TIM9_IRQHandler                          Debug/startup_stm32f401xe.o
TIM1_CC_IRQHandler                                Debug/startup_stm32f401xe.o
TIM1_TRG_COM_TIM11_IRQHandler                     Debug/startup_stm32f401xe.o
TIM1_UP_TIM10_IRQHandler                          Debug/startup_stm32f401xe.o
TIM2_IRQHandler                                   Debug/startup_stm32f401xe.o
TIM3_IRQHandler                                   Debug/startup_stm32f401xe.o
TIM4_IRQHandler                                   Debug/startup_stm32f401xe.o
TIM5_IRQHandler                                   Debug/startup_stm32f401xe.o
UART_Start_Receive_DMA                            Debug/stm32f4xx_hal_uart.o
UART_Start_Receive_IT                             Debug/stm32f4xx_hal_uart.o
USART1_IRQHandler                                 Debug/startup_stm32f401xe.o
USART2_IRQHandler                                 Debug/startup_stm32f401xe.o
USART6_IRQHandler                                 Debug/startup_stm32f401xe.o
UsageFault_Handler                                Debug/startup_stm32f401xe.o
WWDG_IRQHandler                                   Debug/startup_stm32f401xe.o
_Min_Stack_Size                                   Debug/sysmem.o
__aeabi_idiv0                                     C:/ST/STM32CubeIDE_2.1.1/STM32CubeIDE/plugins/com.st.stm32cube.ide.mcu.externaltools.gnu-tools-for-stm32.14.3.rel1.win32_1.0.100.202602081740/tools/bin/../lib/gcc/arm-none-eabi/14.3.1/thumb/v7e-m+fp/hard\libgcc.a(_dvmd_tls.o)
__aeabi_ldiv0                                     C:/ST/STM32CubeIDE_2.1.1/STM32CubeIDE/plugins/com.st.stm32cube.ide.mcu.externaltools.gnu-tools-for-stm32.14.3.rel1.win32_1.0.100.202602081740/tools/bin/../lib/gcc/arm-none-eabi/14.3.1/thumb/v7e-m+fp/hard\libgcc.a(_dvmd_tls.o)
                                                  C:/ST/STM32CubeIDE_2.1.1/STM32CubeIDE/plugins/com.st.stm32cube.ide.mcu.externaltools.gnu-tools-for-stm32.14.3.rel1.win32_1.0.100.202602081740/tools/bin/../lib/gcc/arm-none-eabi/14.3.1/thumb/v7e-m+fp/hard\libgcc.a(_aeabi_uldivmod.o)
__aeabi_uldivmod                                  C:/ST/STM32CubeIDE_2.1.1/STM32CubeIDE/plugins/com.st.stm32cube.ide.mcu.externaltools.gnu-tools-for-stm32.14.3.rel1.win32_1.0.100.202602081740/tools/bin/../lib/gcc/arm-none-eabi/14.3.1/thumb/v7e-m+fp/hard\libgcc.a(_aeabi_uldivmod.o)
                                                  Debug/stm32f4xx_hal_uart.o
                                                  Debug/stm32f4xx_hal_rcc.o
__bss_end__                                       C:/ST/STM32CubeIDE_2.1.1/STM32CubeIDE/plugins/com.st.stm32cube.ide.mcu.externaltools.gnu-tools-for-stm32.14.3.rel1.win32_1.0.100.202602081740/tools/bin/../lib/gcc/arm-none-eabi/14.3.1/../../../../arm-none-eabi/lib/thumb/v7e-m+fp/hard/crt0.o
__bss_start__                                     C:/ST/STM32CubeIDE_2.1.1/STM32CubeIDE/plugins/com.st.stm32cube.ide.mcu.externaltools.gnu-tools-for-stm32.14.3.rel1.win32_1.0.100.202602081740/tools/bin/../lib/gcc/arm-none-eabi/14.3.1/../../../../arm-none-eabi/lib/thumb/v7e-m+fp/hard/crt0.o
__call_exitprocs                                  C:/ST/STM32CubeIDE_2.1.1/STM32CubeIDE/plugins/com.st.stm32cube.ide.mcu.externaltools.gnu-tools-for-stm32.14.3.rel1.win32_1.0.100.202602081740/tools/bin/../lib/gcc/arm-none-eabi/14.3.1/../../../../arm-none-eabi/lib/thumb/v7e-m+fp/hard\libc_nano.a(libc_a-exit.o)
__deregister_frame_info                           C:/ST/STM32CubeIDE_2.1.1/STM32CubeIDE/plugins/com.st.stm32cube.ide.mcu.externaltools.gnu-tools-for-stm32.14.3.rel1.win32_1.0.100.202602081740/tools/bin/../lib/gcc/arm-none-eabi/14.3.1/thumb/v7e-m+fp/hard/crtbegin.o
__dso_handle                                      C:/ST/STM32CubeIDE_2.1.1/STM32CubeIDE/plugins/com.st.stm32cube.ide.mcu.externaltools.gnu-tools-for-stm32.14.3.rel1.win32_1.0.100.202602081740/tools/bin/../lib/gcc/arm-none-eabi/14.3.1/thumb/v7e-m+fp/hard/crtbegin.o
__env                                             Debug/syscalls.o
__errno                                           C:/ST/STM32CubeIDE_2.1.1/STM32CubeIDE/plugins/com.st.stm32cube.ide.mcu.externaltools.gnu-tools-for-stm32.14.3.rel1.win32_1.0.100.202602081740/tools/bin/../lib/gcc/arm-none-eabi/14.3.1/../../../../arm-none-eabi/lib/thumb/v7e-m+fp/hard\libc_nano.a(libc_a-errno.o)
                                                  Debug/sysmem.o
                                                  Debug/syscalls.o
__fp_lock_all                                     C:/ST/STM32CubeIDE_2.1.1/STM32CubeIDE/plugins/com.st.stm32cube.ide.mcu.externaltools.gnu-tools-for-stm32.14.3.rel1.win32_1.0.100.202602081740/tools/bin/../lib/gcc/arm-none-eabi/14.3.1/../../../../arm-none-eabi/lib/thumb/v7e-m+fp/hard\libc_nano.a(libc_a-findfp.o)
__fp_unlock_all                                   C:/ST/STM32CubeIDE_2.1.1/STM32CubeIDE/plugins/com.st.stm32cube.ide.mcu.externaltools.gnu-tools-for-stm32.14.3.rel1.win32_1.0.100.202602081740/tools/bin/../lib/gcc/arm-none-eabi/14.3.1/../../../../arm-none-eabi/lib/thumb/v7e-m+fp/hard\libc_nano.a(libc_a-findfp.o)
__init_array_end                                  C:/ST/STM32CubeIDE_2.1.1/STM32CubeIDE/plugins/com.st.stm32cube.ide.mcu.externaltools.gnu-tools-for-stm32.14.3.rel1.win32_1.0.100.202602081740/tools/bin/../lib/gcc/arm-none-eabi/14.3.1/../../../../arm-none-eabi/lib/thumb/v7e-m+fp/hard\libc_nano.a(libc_a-init.o)
__init_array_start                                C:/ST/STM32CubeIDE_2.1.1/STM32CubeIDE/plugins/com.st.stm32cube.ide.mcu.externaltools.gnu-tools-for-stm32.14.3.rel1.win32_1.0.100.202602081740/tools/bin/../lib/gcc/arm-none-eabi/14.3.1/../../../../arm-none-eabi/lib/thumb/v7e-m+fp/hard\libc_nano.a(libc_a-init.o)
__io_getchar                                      Debug/syscalls.o
__io_putchar                                      Debug/syscalls.o
__libc_fini_array                                 C:/ST/STM32CubeIDE_2.1.1/STM32CubeIDE/plugins/com.st.stm32cube.ide.mcu.externaltools.gnu-tools-for-stm32.14.3.rel1.win32_1.0.100.202602081740/tools/bin/../lib/gcc/arm-none-eabi/14.3.1/../../../../arm-none-eabi/lib/thumb/v7e-m+fp/hard/crt0.o
__libc_init_array                                 C:/ST/STM32CubeIDE_2.1.1/STM32CubeIDE/plugins/com.st.stm32cube.ide.mcu.externaltools.gnu-tools-for-stm32.14.3.rel1.win32_1.0.100.202602081740/tools/bin/../lib/gcc/arm-none-eabi/14.3.1/../../../../arm-none-eabi/lib/thumb/v7e-m+fp/hard\libc_nano.a(libc_a-init.o)
                                                  Debug/startup_stm32f401xe.o
                                                  C:/ST/STM32CubeIDE_2.1.1/STM32CubeIDE/plugins/com.st.stm32cube.ide.mcu.externaltools.gnu-tools-for-stm32.14.3.rel1.win32_1.0.100.202602081740/tools/bin/../lib/gcc/arm-none-eabi/14.3.1/../../../../arm-none-eabi/lib/thumb/v7e-m+fp/hard/crt0.o
__lock___arc4random_mutex                         C:/ST/STM32CubeIDE_2.1.1/STM32CubeIDE/plugins/com.st.stm32cube.ide.mcu.externaltools.gnu-tools-for-stm32.14.3.rel1.win32_1.0.100.202602081740/tools/bin/../lib/gcc/arm-none-eabi/14.3.1/../../../../arm-none-eabi/lib/thumb/v7e-m+fp/hard\libc_nano.a(libc_a-lock.o)
__lock___at_quick_exit_mutex                      C:/ST/STM32CubeIDE_2.1.1/STM32CubeIDE/plugins/com.st.stm32cube.ide.mcu.externaltools.gnu-tools-for-stm32.14.3.rel1.win32_1.0.100.202602081740/tools/bin/../lib/gcc/arm-none-eabi/14.3.1/../../../../arm-none-eabi/lib/thumb/v7e-m+fp/hard\libc_nano.a(libc_a-lock.o)
__lock___atexit_recursive_mutex                   C:/ST/STM32CubeIDE_2.1.1/STM32CubeIDE/plugins/com.st.stm32cube.ide.mcu.externaltools.gnu-tools-for-stm32.14.3.rel1.win32_1.0.100.202602081740/tools/bin/../lib/gcc/arm-none-eabi/14.3.1/../../../../arm-none-eabi/lib/thumb/v7e-m+fp/hard\libc_nano.a(libc_a-lock.o)
__lock___dd_hash_mutex                            C:/ST/STM32CubeIDE_2.1.1/STM32CubeIDE/plugins/com.st.stm32cube.ide.mcu.externaltools.gnu-tools-for-stm32.14.3.rel1.win32_1.0.100.202602081740/tools/bin/../lib/gcc/arm-none-eabi/14.3.1/../../../../arm-none-eabi/lib/thumb/v7e-m+fp/hard\libc_nano.a(libc_a-lock.o)
__lock___env_recursive_mutex                      C:/ST/STM32CubeIDE_2.1.1/STM32CubeIDE/plugins/com.st.stm32cube.ide.mcu.externaltools.gnu-tools-for-stm32.14.3.rel1.win32_1.0.100.202602081740/tools/bin/../lib/gcc/arm-none-eabi/14.3.1/../../../../arm-none-eabi/lib/thumb/v7e-m+fp/hard\libc_nano.a(libc_a-lock.o)
__lock___malloc_recursive_mutex                   C:/ST/STM32CubeIDE_2.1.1/STM32CubeIDE/plugins/com.st.stm32cube.ide.mcu.externaltools.gnu-tools-for-stm32.14.3.rel1.win32_1.0.100.202602081740/tools/bin/../lib/gcc/arm-none-eabi/14.3.1/../../../../arm-none-eabi/lib/thumb/v7e-m+fp/hard\libc_nano.a(libc_a-lock.o)
                                                  C:/ST/STM32CubeIDE_2.1.1/STM32CubeIDE/plugins/com.st.stm32cube.ide.mcu.externaltools.gnu-tools-for-stm32.14.3.rel1.win32_1.0.100.202602081740/tools/bin/../lib/gcc/arm-none-eabi/14.3.1/../../../../arm-none-eabi/lib/thumb/v7e-m+fp/hard\libc_nano.a(libc_a-mlock.o)
__lock___sfp_recursive_mutex                      C:/ST/STM32CubeIDE_2.1.1/STM32CubeIDE/plugins/com.st.stm32cube.ide.mcu.externaltools.gnu-tools-for-stm32.14.3.rel1.win32_1.0.100.202602081740/tools/bin/../lib/gcc/arm-none-eabi/14.3.1/../../../../arm-none-eabi/lib/thumb/v7e-m+fp/hard\libc_nano.a(libc_a-lock.o)
                                                  C:/ST/STM32CubeIDE_2.1.1/STM32CubeIDE/plugins/com.st.stm32cube.ide.mcu.externaltools.gnu-tools-for-stm32.14.3.rel1.win32_1.0.100.202602081740/tools/bin/../lib/gcc/arm-none-eabi/14.3.1/../../../../arm-none-eabi/lib/thumb/v7e-m+fp/hard\libc_nano.a(libc_a-findfp.o)
__lock___tz_mutex                                 C:/ST/STM32CubeIDE_2.1.1/STM32CubeIDE/plugins/com.st.stm32cube.ide.mcu.externaltools.gnu-tools-for-stm32.14.3.rel1.win32_1.0.100.202602081740/tools/bin/../lib/gcc/arm-none-eabi/14.3.1/../../../../arm-none-eabi/lib/thumb/v7e-m+fp/hard\libc_nano.a(libc_a-lock.o)
__malloc_free_list                                C:/ST/STM32CubeIDE_2.1.1/STM32CubeIDE/plugins/com.st.stm32cube.ide.mcu.externaltools.gnu-tools-for-stm32.14.3.rel1.win32_1.0.100.202602081740/tools/bin/../lib/gcc/arm-none-eabi/14.3.1/../../../../arm-none-eabi/lib/thumb/v7e-m+fp/hard\libc_nano.a(libc_a-mallocr.o)
                                                  C:/ST/STM32CubeIDE_2.1.1/STM32CubeIDE/plugins/com.st.stm32cube.ide.mcu.externaltools.gnu-tools-for-stm32.14.3.rel1.win32_1.0.100.202602081740/tools/bin/../lib/gcc/arm-none-eabi/14.3.1/../../../../arm-none-eabi/lib/thumb/v7e-m+fp/hard\libc_nano.a(libc_a-freer.o)
__malloc_lock                                     C:/ST/STM32CubeIDE_2.1.1/STM32CubeIDE/plugins/com.st.stm32cube.ide.mcu.externaltools.gnu-tools-for-stm32.14.3.rel1.win32_1.0.100.202602081740/tools/bin/../lib/gcc/arm-none-eabi/14.3.1/../../../../arm-none-eabi/lib/thumb/v7e-m+fp/hard\libc_nano.a(libc_a-mlock.o)
                                                  C:/ST/STM32CubeIDE_2.1.1/STM32CubeIDE/plugins/com.st.stm32cube.ide.mcu.externaltools.gnu-tools-for-stm32.14.3.rel1.win32_1.0.100.202602081740/tools/bin/../lib/gcc/arm-none-eabi/14.3.1/../../../../arm-none-eabi/lib/thumb/v7e-m+fp/hard\libc_nano.a(libc_a-mallocr.o)
                                                  C:/ST/STM32CubeIDE_2.1.1/STM32CubeIDE/plugins/com.st.stm32cube.ide.mcu.externaltools.gnu-tools-for-stm32.14.3.rel1.win32_1.0.100.202602081740/tools/bin/../lib/gcc/arm-none-eabi/14.3.1/../../../../arm-none-eabi/lib/thumb/v7e-m+fp/hard\libc_nano.a(libc_a-freer.o)
__malloc_sbrk_start                               C:/ST/STM32CubeIDE_2.1.1/STM32CubeIDE/plugins/com.st.stm32cube.ide.mcu.externaltools.gnu-tools-for-stm32.14.3.rel1.win32_1.0.100.202602081740/tools/bin/../lib/gcc/arm-none-eabi/14.3.1/../../../../arm-none-eabi/lib/thumb/v7e-m+fp/hard\libc_nano.a(libc_a-mallocr.o)
__malloc_unlock                                   C:/ST/STM32CubeIDE_2.1.1/STM32CubeIDE/plugins/com.st.stm32cube.ide.mcu.externaltools.gnu-tools-for-stm32.14.3.rel1.win32_1.0.100.202602081740/tools/bin/../lib/gcc/arm-none-eabi/14.3.1/../../../../arm-none-eabi/lib/thumb/v7e-m+fp/hard\libc_nano.a(libc_a-mlock.o)
                                                  C:/ST/STM32CubeIDE_2.1.1/STM32CubeIDE/plugins/com.st.stm32cube.ide.mcu.externaltools.gnu-tools-for-stm32.14.3.rel1.win32_1.0.100.202602081740/tools/bin/../lib/gcc/arm-none-eabi/14.3.1/../../../../arm-none-eabi/lib/thumb/v7e-m+fp/hard\libc_nano.a(libc_a-mallocr.o)
                                                  C:/ST/STM32CubeIDE_2.1.1/STM32CubeIDE/plugins/com.st.stm32cube.ide.mcu.externaltools.gnu-tools-for-stm32.14.3.rel1.win32_1.0.100.202602081740/tools/bin/../lib/gcc/arm-none-eabi/14.3.1/../../../../arm-none-eabi/lib/thumb/v7e-m+fp/hard\libc_nano.a(libc_a-freer.o)
__preinit_array_end                               C:/ST/STM32CubeIDE_2.1.1/STM32CubeIDE/plugins/com.st.stm32cube.ide.mcu.externaltools.gnu-tools-for-stm32.14.3.rel1.win32_1.0.100.202602081740/tools/bin/../lib/gcc/arm-none-eabi/14.3.1/../../../../arm-none-eabi/lib/thumb/v7e-m+fp/hard\libc_nano.a(libc_a-init.o)